../Core/Src/main.c:186:7:saturate	16	static
../Core/Src/main.c:196:7:PID1	16	static
../Core/Src/main.c:205:7:PID2	16	static
../Core/Src/main.c:225:7:computeRpm	32	static
../Core/Src/main.c:240:9:countBit	24	static
../Core/Src/main.c:257:5:main	32	static
../Core/Src/main.c:536:6:SystemClock_Config	88	static
../Core/Src/main.c:594:13:MX_ADC1_Init	24	static
../Core/Src/main.c:646:13:MX_I2C1_Init	8	static
../Core/Src/main.c:694:13:MX_I2C2_Init	8	static
../Core/Src/main.c:742:13:MX_SPI1_Init	8	static
../Core/Src/main.c:782:13:MX_TIM1_Init	112	static
../Core/Src/main.c:874:13:MX_TIM2_Init	80	static
../Core/Src/main.c:946:13:MX_TIM3_Init	56	static
../Core/Src/main.c:995:13:MX_TIM4_Init	56	static
../Core/Src/main.c:1044:13:MX_TIM5_Init	64	static
../Core/Src/main.c:1103:13:MX_TIM8_Init	112	static
../Core/Src/main.c:1195:13:MX_TIM9_Init	40	static
../Core/Src/main.c:1241:13:MX_UART4_Init	8	static
../Core/Src/main.c:1276:13:MX_UART5_Init	8	static
../Core/Src/main.c:1311:13:MX_USART1_UART_Init	8	static
../Core/Src/main.c:1346:13:MX_USART2_UART_Init	8	static
../Core/Src/main.c:1381:13:MX_USART3_UART_Init	8	static
../Core/Src/main.c:1416:13:MX_GPIO_Init	64	static
../Core/Src/main.c:1543:6:StartControlTask	24	static
../Core/Src/main.c:1698:6:StartLineTask	40	static
../Core/Src/main.c:1718:6:StartCommTask	16	static
../Core/Src/main.c:1751:6:HAL_TIM_PeriodElapsedCallback	16	static
../Core/Src/main.c:1768:6:Error_Handler	4	static,ignoring_inline_asm
