../Core/Src/main.c:166:7:saturate	16	static
../Core/Src/main.c:176:7:PID1	16	static
../Core/Src/main.c:185:7:PID2	16	static
../Core/Src/main.c:194:7:compute_error	32	static
../Core/Src/main.c:208:7:Simple_Linear_Ctrl	24	static
../Core/Src/main.c:219:7:computeRpm	32	static
../Core/Src/main.c:233:9:countBit	24	static
../Core/Src/main.c:242:6:HAL_GPIO_EXTI_Callback	48	static
../Core/Src/main.c:268:6:HAL_TIM_PeriodElapsedCallback	88	static
../Core/Src/main.c:441:5:main	32	static
../Core/Src/main.c:669:6:SystemClock_Config	88	static
../Core/Src/main.c:727:13:MX_ADC1_Init	24	static
../Core/Src/main.c:779:13:MX_I2C1_Init	8	static
../Core/Src/main.c:827:13:MX_I2C2_Init	8	static
../Core/Src/main.c:875:13:MX_SPI1_Init	8	static
../Core/Src/main.c:915:13:MX_TIM1_Init	112	static
../Core/Src/main.c:1007:13:MX_TIM2_Init	80	static
../Core/Src/main.c:1079:13:MX_TIM3_Init	56	static
../Core/Src/main.c:1128:13:MX_TIM4_Init	56	static
../Core/Src/main.c:1177:13:MX_TIM5_Init	64	static
../Core/Src/main.c:1236:13:MX_TIM6_Init	24	static
../Core/Src/main.c:1274:13:MX_TIM8_Init	112	static
../Core/Src/main.c:1366:13:MX_TIM9_Init	40	static
../Core/Src/main.c:1412:13:MX_UART4_Init	8	static
../Core/Src/main.c:1447:13:MX_UART5_Init	8	static
../Core/Src/main.c:1482:13:MX_USART1_UART_Init	8	static
../Core/Src/main.c:1517:13:MX_USART2_UART_Init	8	static
../Core/Src/main.c:1552:13:MX_USART3_UART_Init	8	static
../Core/Src/main.c:1587:13:MX_GPIO_Init	64	static
../Core/Src/main.c:1711:6:Error_Handler	4	static,ignoring_inline_asm
