../Core/Src/main.c:159:7:saturate	16	static
../Core/Src/main.c:169:7:compute_error	32	static
../Core/Src/main.c:186:7:PI	24	static
../Core/Src/main.c:196:7:computeRpm	32	static
../Core/Src/main.c:210:9:countBit	24	static
../Core/Src/main.c:232:6:HAL_GPIO_EXTI_Callback	48	static
../Core/Src/main.c:285:6:HAL_TIM_PeriodElapsedCallback	64	static
../Core/Src/main.c:439:5:main	32	static
../Core/Src/main.c:667:6:SystemClock_Config	88	static
../Core/Src/main.c:725:13:MX_ADC1_Init	24	static
../Core/Src/main.c:777:13:MX_I2C1_Init	8	static
../Core/Src/main.c:825:13:MX_I2C2_Init	8	static
../Core/Src/main.c:873:13:MX_SPI1_Init	8	static
../Core/Src/main.c:913:13:MX_TIM1_Init	112	static
../Core/Src/main.c:1005:13:MX_TIM2_Init	80	static
../Core/Src/main.c:1077:13:MX_TIM3_Init	56	static
../Core/Src/main.c:1126:13:MX_TIM4_Init	56	static
../Core/Src/main.c:1175:13:MX_TIM5_Init	64	static
../Core/Src/main.c:1234:13:MX_TIM6_Init	24	static
../Core/Src/main.c:1272:13:MX_TIM8_Init	112	static
../Core/Src/main.c:1364:13:MX_TIM9_Init	40	static
../Core/Src/main.c:1410:13:MX_UART4_Init	8	static
../Core/Src/main.c:1445:13:MX_UART5_Init	8	static
../Core/Src/main.c:1480:13:MX_USART1_UART_Init	8	static
../Core/Src/main.c:1515:13:MX_USART2_UART_Init	8	static
../Core/Src/main.c:1550:13:MX_USART3_UART_Init	8	static
../Core/Src/main.c:1585:13:MX_GPIO_Init	64	static
../Core/Src/main.c:1709:6:Error_Handler	4	static,ignoring_inline_asm
