../Core/Src/main.c:111:9:countBit	24	static
../Core/Src/main.c:120:6:HAL_GPIO_EXTI_Callback	48	static
../Core/Src/main.c:166:5:main	32	static
../Core/Src/main.c:363:6:SystemClock_Config	88	static
../Core/Src/main.c:421:13:MX_ADC1_Init	24	static
../Core/Src/main.c:473:13:MX_I2C1_Init	8	static
../Core/Src/main.c:521:13:MX_I2C2_Init	8	static
../Core/Src/main.c:569:13:MX_SPI1_Init	8	static
../Core/Src/main.c:609:13:MX_TIM1_Init	112	static
../Core/Src/main.c:701:13:MX_TIM2_Init	80	static
../Core/Src/main.c:773:13:MX_TIM3_Init	56	static
../Core/Src/main.c:822:13:MX_TIM4_Init	56	static
../Core/Src/main.c:871:13:MX_TIM5_Init	64	static
../Core/Src/main.c:930:13:MX_TIM8_Init	112	static
../Core/Src/main.c:1022:13:MX_TIM9_Init	40	static
../Core/Src/main.c:1068:13:MX_UART4_Init	8	static
../Core/Src/main.c:1103:13:MX_UART5_Init	8	static
../Core/Src/main.c:1138:13:MX_USART1_UART_Init	8	static
../Core/Src/main.c:1173:13:MX_USART2_UART_Init	8	static
../Core/Src/main.c:1208:13:MX_USART3_UART_Init	8	static
../Core/Src/main.c:1243:13:MX_GPIO_Init	64	static
../Core/Src/main.c:1367:6:Error_Handler	4	static,ignoring_inline_asm
