../Core/Src/main.c:166:7:saturate	16	static
../Core/Src/main.c:176:7:PID1	16	static
../Core/Src/main.c:185:7:PID2	16	static
../Core/Src/main.c:194:7:compute_error	32	static
../Core/Src/main.c:215:7:Simple_Linear_Ctrl	32	static
../Core/Src/main.c:236:7:computeRpm	32	static
../Core/Src/main.c:250:9:countBit	24	static
../Core/Src/main.c:259:6:HAL_GPIO_EXTI_Callback	48	static
../Core/Src/main.c:285:6:HAL_TIM_PeriodElapsedCallback	88	static
../Core/Src/main.c:458:5:main	32	static
../Core/Src/main.c:686:6:SystemClock_Config	88	static
../Core/Src/main.c:744:13:MX_ADC1_Init	24	static
../Core/Src/main.c:796:13:MX_I2C1_Init	8	static
../Core/Src/main.c:844:13:MX_I2C2_Init	8	static
../Core/Src/main.c:892:13:MX_SPI1_Init	8	static
../Core/Src/main.c:932:13:MX_TIM1_Init	112	static
../Core/Src/main.c:1024:13:MX_TIM2_Init	80	static
../Core/Src/main.c:1096:13:MX_TIM3_Init	56	static
../Core/Src/main.c:1145:13:MX_TIM4_Init	56	static
../Core/Src/main.c:1194:13:MX_TIM5_Init	64	static
../Core/Src/main.c:1253:13:MX_TIM6_Init	24	static
../Core/Src/main.c:1291:13:MX_TIM8_Init	112	static
../Core/Src/main.c:1383:13:MX_TIM9_Init	40	static
../Core/Src/main.c:1429:13:MX_UART4_Init	8	static
../Core/Src/main.c:1464:13:MX_UART5_Init	8	static
../Core/Src/main.c:1499:13:MX_USART1_UART_Init	8	static
../Core/Src/main.c:1534:13:MX_USART2_UART_Init	8	static
../Core/Src/main.c:1569:13:MX_USART3_UART_Init	8	static
../Core/Src/main.c:1604:13:MX_GPIO_Init	64	static
../Core/Src/main.c:1728:6:Error_Handler	4	static,ignoring_inline_asm
