../Core/Src/main.c:130:7:saturate	16	static
../Core/Src/main.c:138:7:PID	16	static
../Core/Src/main.c:149:6:HAL_TIM_PeriodElapsedCallback	16	static
../Core/Src/main.c:230:5:main	8	static
../Core/Src/main.c:362:6:SystemClock_Config	88	static
../Core/Src/main.c:420:13:MX_ADC1_Init	24	static
../Core/Src/main.c:472:13:MX_I2C1_Init	8	static
../Core/Src/main.c:520:13:MX_I2C2_Init	8	static
../Core/Src/main.c:568:13:MX_SPI1_Init	8	static
../Core/Src/main.c:608:13:MX_TIM1_Init	112	static
../Core/Src/main.c:700:13:MX_TIM2_Init	80	static
../Core/Src/main.c:772:13:MX_TIM3_Init	56	static
../Core/Src/main.c:821:13:MX_TIM4_Init	56	static
../Core/Src/main.c:870:13:MX_TIM5_Init	64	static
../Core/Src/main.c:929:13:MX_TIM6_Init	24	static
../Core/Src/main.c:967:13:MX_TIM8_Init	112	static
../Core/Src/main.c:1059:13:MX_TIM9_Init	40	static
../Core/Src/main.c:1105:13:MX_UART4_Init	8	static
../Core/Src/main.c:1140:13:MX_UART5_Init	8	static
../Core/Src/main.c:1175:13:MX_USART1_UART_Init	8	static
../Core/Src/main.c:1210:13:MX_USART2_UART_Init	8	static
../Core/Src/main.c:1245:13:MX_USART3_UART_Init	8	static
../Core/Src/main.c:1280:13:MX_GPIO_Init	64	static
../Core/Src/main.c:1396:6:Error_Handler	4	static,ignoring_inline_asm
