../Core/Src/main.c:106:6:HAL_GPIO_EXTI_Callback	48	static
../Core/Src/main.c:148:5:main	32	static
../Core/Src/main.c:342:6:SystemClock_Config	88	static
../Core/Src/main.c:400:13:MX_ADC1_Init	24	static
../Core/Src/main.c:452:13:MX_I2C1_Init	8	static
../Core/Src/main.c:500:13:MX_I2C2_Init	8	static
../Core/Src/main.c:548:13:MX_SPI1_Init	8	static
../Core/Src/main.c:588:13:MX_TIM1_Init	112	static
../Core/Src/main.c:680:13:MX_TIM2_Init	80	static
../Core/Src/main.c:752:13:MX_TIM3_Init	56	static
../Core/Src/main.c:801:13:MX_TIM4_Init	56	static
../Core/Src/main.c:850:13:MX_TIM5_Init	64	static
../Core/Src/main.c:909:13:MX_TIM8_Init	112	static
../Core/Src/main.c:1001:13:MX_TIM9_Init	40	static
../Core/Src/main.c:1047:13:MX_UART4_Init	8	static
../Core/Src/main.c:1082:13:MX_UART5_Init	8	static
../Core/Src/main.c:1117:13:MX_USART1_UART_Init	8	static
../Core/Src/main.c:1152:13:MX_USART2_UART_Init	8	static
../Core/Src/main.c:1187:13:MX_USART3_UART_Init	8	static
../Core/Src/main.c:1222:13:MX_GPIO_Init	64	static
../Core/Src/main.c:1346:6:Error_Handler	4	static,ignoring_inline_asm
