Archive member included to satisfy reference by file (symbol)

c:/program files/stmicroelectronics/stm32cube/stm32cubeide_1.11.2/stm32cubeide/plugins/com.st.stm32cube.ide.mcu.externaltools.gnu-tools-for-stm32.10.3-2021.10.win32_1.0.100.202210260954/tools/bin/../lib/gcc/arm-none-eabi/10.3.1/../../../../arm-none-eabi/lib/thumb/v7e-m+dp/hard\libc_nano.a(lib_a-errno.o)
                              ./Core/Src/syscalls.o (__errno)
c:/program files/stmicroelectronics/stm32cube/stm32cubeide_1.11.2/stm32cubeide/plugins/com.st.stm32cube.ide.mcu.externaltools.gnu-tools-for-stm32.10.3-2021.10.win32_1.0.100.202210260954/tools/bin/../lib/gcc/arm-none-eabi/10.3.1/../../../../arm-none-eabi/lib/thumb/v7e-m+dp/hard\libc_nano.a(lib_a-exit.o)
                              c:/program files/stmicroelectronics/stm32cube/stm32cubeide_1.11.2/stm32cubeide/plugins/com.st.stm32cube.ide.mcu.externaltools.gnu-tools-for-stm32.10.3-2021.10.win32_1.0.100.202210260954/tools/bin/../lib/gcc/arm-none-eabi/10.3.1/../../../../arm-none-eabi/lib/thumb/v7e-m+dp/hard/crt0.o (exit)
c:/program files/stmicroelectronics/stm32cube/stm32cubeide_1.11.2/stm32cubeide/plugins/com.st.stm32cube.ide.mcu.externaltools.gnu-tools-for-stm32.10.3-2021.10.win32_1.0.100.202210260954/tools/bin/../lib/gcc/arm-none-eabi/10.3.1/../../../../arm-none-eabi/lib/thumb/v7e-m+dp/hard\libc_nano.a(lib_a-impure.o)
                              c:/program files/stmicroelectronics/stm32cube/stm32cubeide_1.11.2/stm32cubeide/plugins/com.st.stm32cube.ide.mcu.externaltools.gnu-tools-for-stm32.10.3-2021.10.win32_1.0.100.202210260954/tools/bin/../lib/gcc/arm-none-eabi/10.3.1/../../../../arm-none-eabi/lib/thumb/v7e-m+dp/hard\libc_nano.a(lib_a-exit.o) (_global_impure_ptr)
c:/program files/stmicroelectronics/stm32cube/stm32cubeide_1.11.2/stm32cubeide/plugins/com.st.stm32cube.ide.mcu.externaltools.gnu-tools-for-stm32.10.3-2021.10.win32_1.0.100.202210260954/tools/bin/../lib/gcc/arm-none-eabi/10.3.1/../../../../arm-none-eabi/lib/thumb/v7e-m+dp/hard\libc_nano.a(lib_a-init.o)
                              c:/program files/stmicroelectronics/stm32cube/stm32cubeide_1.11.2/stm32cubeide/plugins/com.st.stm32cube.ide.mcu.externaltools.gnu-tools-for-stm32.10.3-2021.10.win32_1.0.100.202210260954/tools/bin/../lib/gcc/arm-none-eabi/10.3.1/../../../../arm-none-eabi/lib/thumb/v7e-m+dp/hard/crt0.o (__libc_init_array)
c:/program files/stmicroelectronics/stm32cube/stm32cubeide_1.11.2/stm32cubeide/plugins/com.st.stm32cube.ide.mcu.externaltools.gnu-tools-for-stm32.10.3-2021.10.win32_1.0.100.202210260954/tools/bin/../lib/gcc/arm-none-eabi/10.3.1/../../../../arm-none-eabi/lib/thumb/v7e-m+dp/hard\libc_nano.a(lib_a-memcpy-stub.o)
                              ./Core/Src/main.o (memcpy)
c:/program files/stmicroelectronics/stm32cube/stm32cubeide_1.11.2/stm32cubeide/plugins/com.st.stm32cube.ide.mcu.externaltools.gnu-tools-for-stm32.10.3-2021.10.win32_1.0.100.202210260954/tools/bin/../lib/gcc/arm-none-eabi/10.3.1/../../../../arm-none-eabi/lib/thumb/v7e-m+dp/hard\libc_nano.a(lib_a-memset.o)
                              c:/program files/stmicroelectronics/stm32cube/stm32cubeide_1.11.2/stm32cubeide/plugins/com.st.stm32cube.ide.mcu.externaltools.gnu-tools-for-stm32.10.3-2021.10.win32_1.0.100.202210260954/tools/bin/../lib/gcc/arm-none-eabi/10.3.1/../../../../arm-none-eabi/lib/thumb/v7e-m+dp/hard/crt0.o (memset)
c:/program files/stmicroelectronics/stm32cube/stm32cubeide_1.11.2/stm32cubeide/plugins/com.st.stm32cube.ide.mcu.externaltools.gnu-tools-for-stm32.10.3-2021.10.win32_1.0.100.202210260954/tools/bin/../lib/gcc/arm-none-eabi/10.3.1/../../../../arm-none-eabi/lib/thumb/v7e-m+dp/hard\libc_nano.a(lib_a-printf.o)
                              ./Core/Src/main.o (printf)
c:/program files/stmicroelectronics/stm32cube/stm32cubeide_1.11.2/stm32cubeide/plugins/com.st.stm32cube.ide.mcu.externaltools.gnu-tools-for-stm32.10.3-2021.10.win32_1.0.100.202210260954/tools/bin/../lib/gcc/arm-none-eabi/10.3.1/../../../../arm-none-eabi/lib/thumb/v7e-m+dp/hard\libc_nano.a(lib_a-findfp.o)
                              c:/program files/stmicroelectronics/stm32cube/stm32cubeide_1.11.2/stm32cubeide/plugins/com.st.stm32cube.ide.mcu.externaltools.gnu-tools-for-stm32.10.3-2021.10.win32_1.0.100.202210260954/tools/bin/../lib/gcc/arm-none-eabi/10.3.1/../../../../arm-none-eabi/lib/thumb/v7e-m+dp/hard\libc_nano.a(lib_a-printf.o) (__sinit)
c:/program files/stmicroelectronics/stm32cube/stm32cubeide_1.11.2/stm32cubeide/plugins/com.st.stm32cube.ide.mcu.externaltools.gnu-tools-for-stm32.10.3-2021.10.win32_1.0.100.202210260954/tools/bin/../lib/gcc/arm-none-eabi/10.3.1/../../../../arm-none-eabi/lib/thumb/v7e-m+dp/hard\libc_nano.a(lib_a-fwalk.o)
[...]
Memory Configuration

Name             Origin             Length             Attributes
RAM              0x0000000020000000 0x0000000000080000 xrw
FLASH            0x0000000008000000 0x0000000000200000 xr
*default*        0x0000000000000000 0xffffffffffffffff

Linker script and memory map

LOAD c:/program files/stmicroelectronics/stm32cube/stm32cubeide_1.11.2/stm32cubeide/plugins/com.st.stm32cube.ide.mcu.externaltools.gnu-tools-for-stm32.10.3-2021.10.win32_1.0.100.202210260954/tools/bin/../lib/gcc/arm-none-eabi/10.3.1/thumb/v7e-m+dp/hard/crti.o
LOAD c:/program files/stmicroelectronics/stm32cube/stm32cubeide_1.11.2/stm32cubeide/plugins/com.st.stm32cube.ide.mcu.externaltools.gnu-tools-for-stm32.10.3-2021.10.win32_1.0.100.202210260954/tools/bin/../lib/gcc/arm-none-eabi/10.3.1/thumb/v7e-m+dp/hard/crtbegin.o
LOAD c:/program files/stmicroelectronics/stm32cube/stm32cubeide_1.11.2/stm32cubeide/plugins/com.st.stm32cube.ide.mcu.externaltools.gnu-tools-for-stm32.10.3-2021.10.win32_1.0.100.202210260954/tools/bin/../lib/gcc/arm-none-eabi/10.3.1/../../../../arm-none-eabi/lib/thumb/v7e-m+dp/hard/crt0.o
LOAD ./Core/Src/cobs.o
LOAD ./Core/Src/ertc-datalogger.o
LOAD ./Core/Src/main.o
LOAD ./Core/Src/stm32f7xx_hal_msp.o
LOAD ./Core/Src/stm32f7xx_it.o
LOAD ./Core/Src/syscalls.o
LOAD ./Core/Src/sysmem.o
LOAD ./Core/Src/system_stm32f7xx.o
LOAD ./Core/Startup/startup_stm32f767zitx.o
LOAD ./Drivers/STM32F7xx_HAL_Driver/Src/stm32f7xx_hal.o
LOAD ./Drivers/STM32F7xx_HAL_Driver/Src/stm32f7xx_hal_adc.o
LOAD ./Drivers/STM32F7xx_HAL_Driver/Src/stm32f7xx_hal_adc_ex.o
LOAD ./Drivers/STM32F7xx_HAL_Driver/Src/stm32f7xx_hal_cortex.o
LOAD ./Drivers/STM32F7xx_HAL_Driver/Src/stm32f7xx_hal_dma.o
LOAD ./Drivers/STM32F7xx_HAL_Driver/Src/stm32f7xx_hal_dma_ex.o
LOAD ./Drivers/STM32F7xx_HAL_Driver/Src/stm32f7xx_hal_exti.o
LOAD ./Drivers/STM32F7xx_HAL_Driver/Src/stm32f7xx_hal_flash.o
LOAD ./Drivers/STM32F7xx_HAL_Driver/Src/stm32f7xx_hal_flash_ex.o
LOAD ./Drivers/STM32F7xx_HAL_Driver/Src/stm32f7xx_hal_gpio.o
LOAD ./Drivers/STM32F7xx_HAL_Driver/Src/stm32f7xx_hal_i2c.o
LOAD ./Drivers/STM32F7xx_HAL_Driver/Src/stm32f7xx_hal_i2c_ex.o
LOAD ./Drivers/STM32F7xx_HAL_Driver/Src/stm32f7xx_hal_pwr.o
LOAD ./Drivers/STM32F7xx_HAL_Driver/Src/stm32f7xx_hal_pwr_ex.o
LOAD ./Drivers/STM32F7xx_HAL_Driver/Src/stm32f7xx_hal_rcc.o
LOAD ./Drivers/STM32F7xx_HAL_Driver/Src/stm32f7xx_hal_rcc_ex.o
LOAD ./Drivers/STM32F7xx_HAL_Driver/Src/stm32f7xx_hal_spi.o
LOAD ./Drivers/STM32F7xx_HAL_Driver/Src/stm32f7xx_hal_spi_ex.o
LOAD ./Drivers/STM32F7xx_HAL_Driver/Src/stm32f7xx_hal_tim.o
LOAD ./Drivers/STM32F7xx_HAL_Driver/Src/stm32f7xx_hal_tim_ex.o
LOAD ./Drivers/STM32F7xx_HAL_Driver/Src/stm32f7xx_hal_uart.o
LOAD ./Drivers/STM32F7xx_HAL_Driver/Src/stm32f7xx_hal_uart_ex.o
START GROUP
LOAD c:/program files/stmicroelectronics/stm32cube/stm32cubeide_1.11.2/stm32cubeide/plugins/com.st.stm32cube.ide.mcu.externaltools.gnu-tools-for-stm32.10.3-2021.10.win32_1.0.100.202210260954/tools/bin/../lib/gcc/arm-none-eabi/10.3.1/../../../../arm-none-eabi/lib/thumb/v7e-m+dp/hard\libc_nano.a
LOAD c:/program files/stmicroelectronics/stm32cube/stm32cubeide_1.11.2/stm32cubeide/plugins/com.st.stm32cube.ide.mcu.externaltools.gnu-tools-for-stm32.10.3-2021.10.win32_1.0.100.202210260954/tools/bin/../lib/gcc/arm-none-eabi/10.3.1/../../../../arm-none-eabi/lib/thumb/v7e-m+dp/hard\libm.a
END GROUP
START GROUP
LOAD c:/program files/stmicroelectronics/stm32cube/stm32cubeide_1.11.2/stm32cubeide/plugins/com.st.stm32cube.ide.mcu.externaltools.gnu-tools-for-stm32.10.3-2021.10.win32_1.0.100.202210260954/tools/bin/../lib/gcc/arm-none-eabi/10.3.1/thumb/v7e-m+dp/hard\libgcc.a
LOAD c:/program files/stmicroelectronics/stm32cube/stm32cubeide_1.11.2/stm32cubeide/plugins/com.st.stm32cube.ide.mcu.externaltools.gnu-tools-for-stm32.10.3-2021.10.win32_1.0.100.202210260954/tools/bin/../lib/gcc/arm-none-eabi/10.3.1/../../../../arm-none-eabi/lib/thumb/v7e-m+dp/hard\libc_nano.a
END GROUP
START GROUP
LOAD c:/program files/stmicroelectronics/stm32cube/stm32cubeide_1.11.2/stm32cubeide/plugins/com.st.stm32cube.ide.mcu.externaltools.gnu-tools-for-stm32.10.3-2021.10.win32_1.0.100.202210260954/tools/bin/../lib/gcc/arm-none-eabi/10.3.1/thumb/v7e-m+dp/hard\libgcc.a
LOAD c:/program files/stmicroelectronics/stm32cube/stm32cubeide_1.11.2/stm32cubeide/plugins/com.st.stm32cube.ide.mcu.externaltools.gnu-tools-for-stm32.10.3-2021.10.win32_1.0.100.202210260954/tools/bin/../lib/gcc/arm-none-eabi/10.3.1/../../../../arm-none-eabi/lib/thumb/v7e-m+dp/hard\libc_nano.a
LOAD c:/program files/stmicroelectronics/stm32cube/stm32cubeide_1.11.2/stm32cubeide/plugins/com.st.stm32cube.ide.mcu.externaltools.gnu-tools-for-stm32.10.3-2021.10.win32_1.0.100.202210260954/tools/bin/../lib/gcc/arm-none-eabi/10.3.1/../../../../arm-none-eabi/lib/thumb/v7e-m+dp/hard\libnosys.a
END GROUP
START GROUP
LOAD c:/program files/stmicroelectronics/stm32cube/stm32cubeide_1.11.2/stm32cubeide/plugins/com.st.stm32cube.ide.mcu.externaltools.gnu-tools-for-stm32.10.3-2021.10.win32_1.0.100.202210260954/tools/bin/../lib/gcc/arm-none-eabi/10.3.1/thumb/v7e-m+dp/hard\libgcc.a
LOAD c:/program files/stmicroelectronics/stm32cube/stm32cubeide_1.11.2/stm32cubeide/plugins/com.st.stm32cube.ide.mcu.externaltools.gnu-tools-for-stm32.10.3-2021.10.win32_1.0.100.202210260954/tools/bin/../lib/gcc/arm-none-eabi/10.3.1/../../../../arm-none-eabi/lib/thumb/v7e-m+dp/hard\libc_nano.a
LOAD c:/program files/stmicroelectronics/stm32cube/stm32cubeide_1.11.2/stm32cubeide/plugins/com.st.stm32cube.ide.mcu.externaltools.gnu-tools-for-stm32.10.3-2021.10.win32_1.0.100.202210260954/tools/bin/../lib/gcc/arm-none-eabi/10.3.1/../../../../arm-none-eabi/lib/thumb/v7e-m+dp/hard\libnosys.a
END GROUP
LOAD c:/program files/stmicroelectronics/stm32cube/stm32cubeide_1.11.2/stm32cubeide/plugins/com.st.stm32cube.ide.mcu.externaltools.gnu-tools-for-stm32.10.3-2021.10.win32_1.0.100.202210260954/tools/bin/../lib/gcc/arm-none-eabi/10.3.1/thumb/v7e-m+dp/hard/crtend.o
LOAD c:/program files/stmicroelectronics/stm32cube/stm32cubeide_1.11.2/stm32cubeide/plugins/com.st.stm32cube.ide.mcu.externaltools.gnu-tools-for-stm32.10.3-2021.10.win32_1.0.100.202210260954/tools/bin/../lib/gcc/arm-none-eabi/10.3.1/thumb/v7e-m+dp/hard/crtn.o
                0x0000000020080000                _estack = (ORIGIN (RAM) + LENGTH (RAM))
                0x0000000000000200                _Min_Heap_Size = 0x200
                0x0000000000000400                _Min_Stack_Size = 0x400

.isr_vector     0x0000000008000000      0x1f8
                0x0000000008000000                . = ALIGN (0x4)
 *(.isr_vector)
 .isr_vector    0x0000000008000000      0x1f8 ./Core/Startup/startup_stm32f767zitx.o
                0x0000000008000000                g_pfnVectors
                0x00000000080001f8                . = ALIGN (0x4)

.text           0x0000000008000200     0x90dc
                0x0000000008000200                . = ALIGN (0x4)
 *(.text)
 .text          0x0000000008000200       0x40 c:/program files/stmicroelectronics/stm32cube/stm32cubeide_1.11.2/stm32cubeide/plugins/com.st.stm32cube.ide.mcu.externaltools.gnu-tools-for-stm32.10.3-2021.10.win32_1.0.100.202210260954/tools/bin/../lib/gcc/arm-none-eabi/10.3.1/thumb/v7e-m+dp/hard/crtbegin.o
 .text          0x0000000008000240       0xa0 c:/program files/stmicroelectronics/stm32cube/stm32cubeide_1.11.2/stm32cubeide/plugins/com.st.stm32cube.ide.mcu.externaltools.gnu-tools-for-stm32.10.3-2021.10.win32_1.0.100.202210260954/tools/bin/../lib/gcc/arm-none-eabi/10.3.1/../../../../arm-none-eabi/lib/thumb/v7e-m+dp/hard\libc_nano.a(lib_a-memchr.o)
                0x0000000008000240                memchr
 .text          0x00000000080002e0       0x30 c:/program files/stmicroelectronics/stm32cube/stm32cubeide_1.11.2/stm32cubeide/plugins/com.st.stm32cube.ide.mcu.externaltools.gnu-tools-for-stm32.10.3-2021.10.win32_1.0.100.202210260954/tools/bin/../lib/gcc/arm-none-eabi/10.3.1/thumb/v7e-m+dp/hard\libgcc.a(_aeabi_uldivmod.o)
                0x00000000080002e0                __aeabi_uldivmod
 .text          0x0000000008000310      0x2d0 c:/program files/stmicroelectronics/stm32cube/stm32cubeide_1.11.2/stm32cubeide/plugins/com.st.stm32cube.ide.mcu.externaltools.gnu-tools-for-stm32.10.3-2021.10.win32_1.0.100.202210260954/tools/bin/../lib/gcc/arm-none-eabi/10.3.1/thumb/v7e-m+dp/hard\libgcc.a(_udivmoddi4.o)
                0x0000000008000310                __udivmoddi4
 .text          0x00000000080005e0        0x4 c:/program files/stmicroelectronics/stm32cube/stm32cubeide_1.11.2/stm32cubeide/plugins/com.st.stm32cube.ide.mcu.externaltools.gnu-tools-for-stm32.10.3-2021.10.win32_1.0.100.202210260954/tools/bin/../lib/gcc/arm-none-eabi/10.3.1/thumb/v7e-m+dp/hard\libgcc.a(_dvmd_tls.o)
                0x00000000080005e0                __aeabi_idiv0
                0x00000000080005e0                __aeabi_ldiv0
 *(.text*)
 .text.cobsEncode
                0x00000000080005e4       0x94 ./Core/Src/cobs.o
                0x00000000080005e4                cobsEncode
 .text.ertc_dlog_send
                0x0000000008000678       0x58 ./Core/Src/ertc-datalogger.o
                0x0000000008000678                ertc_dlog_send
 .text.ertc_dlog_update
                0x00000000080006d0       0x4a ./Core/Src/ertc-datalogger.o
                0x00000000080006d0                ertc_dlog_update
 *fill*         0x000000000800071a        0x2 
 .text.saturate
                0x000000000800071c       0x64 ./Core/Src/main.o
                0x000000000800071c                saturate
 .text.compute_error
                0x0000000008000780       0x90 ./Core/Src/main.o
                0x0000000008000780                compute_error
 .text.Simple_Linear_Ctrl
                0x0000000008000810       0x3c ./Core/Src/main.o
                0x0000000008000810                Simple_Linear_Ctrl
 *fill*         0x000000000800084c        0x4 
 .text.computeRpm
                0x0000000008000850       0x74 ./Core/Src/main.o
                0x0000000008000850                computeRpm
 .text.countBit
                0x00000000080008c4       0x38 ./Core/Src/main.o
                0x00000000080008c4                countBit
 .text.HAL_GPIO_EXTI_Callback
                0x00000000080008fc       0xe4 ./Core/Src/main.o
                0x00000000080008fc                HAL_GPIO_EXTI_Callback
 .text.HAL_TIM_PeriodElapsedCallback
                0x00000000080009e0      0x3f8 ./Core/Src/main.o
                0x00000000080009e0                HAL_TIM_PeriodElapsedCallback
 .text.main     0x0000000008000dd8      0x4c4 ./Core/Src/main.o
                0x0000000008000dd8                main
 .text.SystemClock_Config
                0x000000000800129c       0xe4 ./Core/Src/main.o
                0x000000000800129c                SystemClock_Config
 .text.MX_ADC1_Init
                0x0000000008001380       0xa4 ./Core/Src/main.o
 .text.MX_I2C1_Init
                0x0000000008001424       0x80 ./Core/Src/main.o
 .text.MX_I2C2_Init
                0x00000000080014a4       0x80 ./Core/Src/main.o
 .text.MX_SPI1_Init
                0x0000000008001524       0x7c ./Core/Src/main.o
 .text.MX_TIM1_Init
                0x00000000080015a0      0x1a0 ./Core/Src/main.o
 .text.MX_TIM2_Init
                0x0000000008001740      0x134 ./Core/Src/main.o
 .text.MX_TIM3_Init
                0x0000000008001874       0xac ./Core/Src/main.o
 .text.MX_TIM4_Init
                0x0000000008001920       0xac ./Core/Src/main.o
 .text.MX_TIM5_Init
                0x00000000080019cc       0xf0 ./Core/Src/main.o
 .text.MX_TIM6_Init
                0x0000000008001abc       0x70 ./Core/Src/main.o
 .text.MX_TIM8_Init
                0x0000000008001b2c      0x1a4 ./Core/Src/main.o
 .text.MX_TIM9_Init
                0x0000000008001cd0       0xa0 ./Core/Src/main.o
 .text.MX_UART4_Init
                0x0000000008001d70       0x60 ./Core/Src/main.o
 .text.MX_UART5_Init
                0x0000000008001dd0       0x60 ./Core/Src/main.o
 .text.MX_USART1_UART_Init
                0x0000000008001e30       0x60 ./Core/Src/main.o
 .text.MX_USART2_UART_Init
                0x0000000008001e90       0x60 ./Core/Src/main.o
 .text.MX_USART3_UART_Init
                0x0000000008001ef0       0x60 ./Core/Src/main.o
 .text.MX_GPIO_Init
                0x0000000008001f50      0x290 ./Core/Src/main.o
 .text.Error_Handler
                0x00000000080021e0        0xa ./Core/Src/main.o
                0x00000000080021e0                Error_Handler
 *fill*         0x00000000080021ea        0x2 
 .text.HAL_MspInit
                0x00000000080021ec       0x48 ./Core/Src/stm32f7xx_hal_msp.o
                0x00000000080021ec                HAL_MspInit
 .text.HAL_ADC_MspInit
                0x0000000008002234       0x80 ./Core/Src/stm32f7xx_hal_msp.o
                0x0000000008002234                HAL_ADC_MspInit
 .text.HAL_I2C_MspInit
                0x00000000080022b4      0x150 ./Core/Src/stm32f7xx_hal_msp.o
                0x00000000080022b4                HAL_I2C_MspInit
 .text.HAL_SPI_MspInit
                0x0000000008002404      0x100 ./Core/Src/stm32f7xx_hal_msp.o
                0x0000000008002404                HAL_SPI_MspInit
 .text.HAL_TIM_Base_MspInit
                0x0000000008002504      0x134 ./Core/Src/stm32f7xx_hal_msp.o
                0x0000000008002504                HAL_TIM_Base_MspInit
 .text.HAL_TIM_Encoder_MspInit
                0x0000000008002638       0xec ./Core/Src/stm32f7xx_hal_msp.o
                0x0000000008002638                HAL_TIM_Encoder_MspInit
 .text.HAL_TIM_PWM_MspInit
                0x0000000008002724       0x40 ./Core/Src/stm32f7xx_hal_msp.o
                0x0000000008002724                HAL_TIM_PWM_MspInit
 .text.HAL_TIM_MspPostInit
                0x0000000008002764      0x198 ./Core/Src/stm32f7xx_hal_msp.o
                0x0000000008002764                HAL_TIM_MspPostInit
 .text.HAL_UART_MspInit
                0x00000000080028fc      0x368 ./Core/Src/stm32f7xx_hal_msp.o
                0x00000000080028fc                HAL_UART_MspInit
 .text.NMI_Handler
                0x0000000008002c64        0x6 ./Core/Src/stm32f7xx_it.o
                0x0000000008002c64                NMI_Handler
 .text.HardFault_Handler
                0x0000000008002c6a        0x6 ./Core/Src/stm32f7xx_it.o
                0x0000000008002c6a                HardFault_Handler
 .text.MemManage_Handler
                0x0000000008002c70        0x6 ./Core/Src/stm32f7xx_it.o
                0x0000000008002c70                MemManage_Handler
 .text.BusFault_Handler
                0x0000000008002c76        0x6 ./Core/Src/stm32f7xx_it.o
                0x0000000008002c76                BusFault_Handler
 .text.UsageFault_Handler
                0x0000000008002c7c        0x6 ./Core/Src/stm32f7xx_it.o
                0x0000000008002c7c                UsageFault_Handler
 .text.SVC_Handler
                0x0000000008002c82        0xe ./Core/Src/stm32f7xx_it.o
                0x0000000008002c82                SVC_Handler
 .text.DebugMon_Handler
                0x0000000008002c90        0xe ./Core/Src/stm32f7xx_it.o
                0x0000000008002c90                DebugMon_Handler
 .text.PendSV_Handler
                0x0000000008002c9e        0xe ./Core/Src/stm32f7xx_it.o
                0x0000000008002c9e                PendSV_Handler
 .text.SysTick_Handler
                0x0000000008002cac        0xc ./Core/Src/stm32f7xx_it.o
                0x0000000008002cac                SysTick_Handler
 .text.EXTI4_IRQHandler
                0x0000000008002cb8        0xe ./Core/Src/stm32f7xx_it.o
                0x0000000008002cb8                EXTI4_IRQHandler
 *fill*         0x0000000008002cc6        0x2 
 .text.TIM6_DAC_IRQHandler
                0x0000000008002cc8       0x14 ./Core/Src/stm32f7xx_it.o
                0x0000000008002cc8                TIM6_DAC_IRQHandler
 .text._read    0x0000000008002cdc       0x3a ./Core/Src/syscalls.o
                0x0000000008002cdc                _read
 .text._write   0x0000000008002d16       0x38 ./Core/Src/syscalls.o
                0x0000000008002d16                _write
 .text._close   0x0000000008002d4e       0x18 ./Core/Src/syscalls.o
                0x0000000008002d4e                _close
 .text._fstat   0x0000000008002d66       0x20 ./Core/Src/syscalls.o
                0x0000000008002d66                _fstat
 .text._isatty  0x0000000008002d86       0x16 ./Core/Src/syscalls.o
                0x0000000008002d86                _isatty
 .text._lseek   0x0000000008002d9c       0x1a ./Core/Src/syscalls.o
                0x0000000008002d9c                _lseek
 *fill*         0x0000000008002db6        0x2 
 .text._sbrk    0x0000000008002db8       0x6c ./Core/Src/sysmem.o
                0x0000000008002db8                _sbrk
 .text.SystemInit
                0x0000000008002e24       0x2c ./Core/Src/system_stm32f7xx.o
                0x0000000008002e24                SystemInit
 .text.Reset_Handler
                0x0000000008002e50       0x50 ./Core/Startup/startup_stm32f767zitx.o
                0x0000000008002e50                Reset_Handler
 .text.Default_Handler
                0x0000000008002ea0        0x2 ./Core/Startup/startup_stm32f767zitx.o
                0x0000000008002ea0                RTC_Alarm_IRQHandler
                0x0000000008002ea0                EXTI2_IRQHandler
                0x0000000008002ea0                TIM8_CC_IRQHandler
                0x0000000008002ea0                UART8_IRQHandler
                0x0000000008002ea0                SPI4_IRQHandler
                0x0000000008002ea0                TIM1_CC_IRQHandler
                0x0000000008002ea0                DMA2_Stream5_IRQHandler
                0x0000000008002ea0                JPEG_IRQHandler
                0x0000000008002ea0                DMA1_Stream5_IRQHandler
                0x0000000008002ea0                CAN3_RX1_IRQHandler
                0x0000000008002ea0                PVD_IRQHandler
                0x0000000008002ea0                TAMP_STAMP_IRQHandler
                0x0000000008002ea0                CAN2_RX1_IRQHandler
                0x0000000008002ea0                EXTI3_IRQHandler
                0x0000000008002ea0                TIM8_TRG_COM_TIM14_IRQHandler
                0x0000000008002ea0                DFSDM1_FLT1_IRQHandler
                0x0000000008002ea0                TIM1_UP_TIM10_IRQHandler
                0x0000000008002ea0                TIM8_UP_TIM13_IRQHandler
                0x0000000008002ea0                I2C3_ER_IRQHandler
                0x0000000008002ea0                DFSDM1_FLT2_IRQHandler
                0x0000000008002ea0                EXTI0_IRQHandler
                0x0000000008002ea0                I2C2_EV_IRQHandler
                0x0000000008002ea0                DMA1_Stream2_IRQHandler
                0x0000000008002ea0                CAN1_RX0_IRQHandler
                0x0000000008002ea0                FPU_IRQHandler
                0x0000000008002ea0                OTG_HS_WKUP_IRQHandler
                0x0000000008002ea0                CAN3_SCE_IRQHandler
                0x0000000008002ea0                LTDC_ER_IRQHandler
                0x0000000008002ea0                CAN2_SCE_IRQHandler
                0x0000000008002ea0                DMA2_Stream2_IRQHandler
                0x0000000008002ea0                SPI1_IRQHandler
                0x0000000008002ea0                TIM1_BRK_TIM9_IRQHandler
                0x0000000008002ea0                DCMI_IRQHandler
                0x0000000008002ea0                CAN2_RX0_IRQHandler
                0x0000000008002ea0                DMA2_Stream3_IRQHandler
                0x0000000008002ea0                SAI2_IRQHandler
                0x0000000008002ea0                DFSDM1_FLT3_IRQHandler
                0x0000000008002ea0                USART6_IRQHandler
                0x0000000008002ea0                CAN3_RX0_IRQHandler
                0x0000000008002ea0                USART3_IRQHandler
                0x0000000008002ea0                CAN1_RX1_IRQHandler
                0x0000000008002ea0                UART5_IRQHandler
                0x0000000008002ea0                DMA2_Stream0_IRQHandler
                0x0000000008002ea0                TIM4_IRQHandler
                0x0000000008002ea0                QUADSPI_IRQHandler
                0x0000000008002ea0                I2C1_EV_IRQHandler
                0x0000000008002ea0                DMA1_Stream6_IRQHandler
                0x0000000008002ea0                DMA1_Stream1_IRQHandler
                0x0000000008002ea0                UART4_IRQHandler
                0x0000000008002ea0                TIM3_IRQHandler
                0x0000000008002ea0                RCC_IRQHandler
                0x0000000008002ea0                TIM8_BRK_TIM12_IRQHandler
                0x0000000008002ea0                Default_Handler
                0x0000000008002ea0                CEC_IRQHandler
                0x0000000008002ea0                EXTI15_10_IRQHandler
                0x0000000008002ea0                ADC_IRQHandler
                0x0000000008002ea0                DMA1_Stream7_IRQHandler
                0x0000000008002ea0                SPI5_IRQHandler
                0x0000000008002ea0                TIM7_IRQHandler
                0x0000000008002ea0                SDMMC1_IRQHandler
                0x0000000008002ea0                CAN2_TX_IRQHandler
                0x0000000008002ea0                TIM5_IRQHandler
                0x0000000008002ea0                DMA2_Stream7_IRQHandler
                0x0000000008002ea0                I2C3_EV_IRQHandler
                0x0000000008002ea0                EXTI9_5_IRQHandler
                0x0000000008002ea0                RTC_WKUP_IRQHandler
                0x0000000008002ea0                LTDC_IRQHandler
                0x0000000008002ea0                ETH_WKUP_IRQHandler
                0x0000000008002ea0                SPDIF_RX_IRQHandler
                0x0000000008002ea0                SPI2_IRQHandler
                0x0000000008002ea0                OTG_HS_EP1_IN_IRQHandler
                0x0000000008002ea0                DMA1_Stream0_IRQHandler
                0x0000000008002ea0                CAN1_TX_IRQHandler
                0x0000000008002ea0                RNG_IRQHandler
                0x0000000008002ea0                ETH_IRQHandler
                0x0000000008002ea0                OTG_HS_EP1_OUT_IRQHandler
                0x0000000008002ea0                WWDG_IRQHandler
                0x0000000008002ea0                SPI6_IRQHandler
                0x0000000008002ea0                MDIOS_IRQHandler
                0x0000000008002ea0                I2C4_EV_IRQHandler
                0x0000000008002ea0                CAN3_TX_IRQHandler
                0x0000000008002ea0                TIM2_IRQHandler
                0x0000000008002ea0                OTG_FS_WKUP_IRQHandler
                0x0000000008002ea0                TIM1_TRG_COM_TIM11_IRQHandler
                0x0000000008002ea0                OTG_HS_IRQHandler
                0x0000000008002ea0                DMA2D_IRQHandler
                0x0000000008002ea0                EXTI1_IRQHandler
                0x0000000008002ea0                SDMMC2_IRQHandler
                0x0000000008002ea0                UART7_IRQHandler
                0x0000000008002ea0                USART2_IRQHandler
                0x0000000008002ea0                DFSDM1_FLT0_IRQHandler
                0x0000000008002ea0                I2C2_ER_IRQHandler
                0x0000000008002ea0                DMA2_Stream1_IRQHandler
                0x0000000008002ea0                CAN1_SCE_IRQHandler
                0x0000000008002ea0                FLASH_IRQHandler
                0x0000000008002ea0                DMA2_Stream4_IRQHandler
                0x0000000008002ea0                USART1_IRQHandler
                0x0000000008002ea0                OTG_FS_IRQHandler
                0x0000000008002ea0                SPI3_IRQHandler
                0x0000000008002ea0                DMA1_Stream4_IRQHandler
                0x0000000008002ea0                I2C1_ER_IRQHandler
                0x0000000008002ea0                FMC_IRQHandler
                0x0000000008002ea0                LPTIM1_IRQHandler
                0x0000000008002ea0                I2C4_ER_IRQHandler
                0x0000000008002ea0                DMA2_Stream6_IRQHandler
                0x0000000008002ea0                SAI1_IRQHandler
                0x0000000008002ea0                DMA1_Stream3_IRQHandler
 .text.HAL_Init
                0x0000000008002ea2       0x1a ./Drivers/STM32F7xx_HAL_Driver/Src/stm32f7xx_hal.o
                0x0000000008002ea2                HAL_Init
 .text.HAL_InitTick
                0x0000000008002ebc       0x60 ./Drivers/STM32F7xx_HAL_Driver/Src/stm32f7xx_hal.o
                0x0000000008002ebc                HAL_InitTick
 .text.HAL_IncTick
                0x0000000008002f1c       0x28 ./Drivers/STM32F7xx_HAL_Driver/Src/stm32f7xx_hal.o
                0x0000000008002f1c                HAL_IncTick
 .text.HAL_GetTick
                0x0000000008002f44       0x18 ./Drivers/STM32F7xx_HAL_Driver/Src/stm32f7xx_hal.o
                0x0000000008002f44                HAL_GetTick
 .text.HAL_Delay
                0x0000000008002f5c       0x48 ./Drivers/STM32F7xx_HAL_Driver/Src/stm32f7xx_hal.o
                0x0000000008002f5c                HAL_Delay
 .text.HAL_ADC_Init
                0x0000000008002fa4       0x88 ./Drivers/STM32F7xx_HAL_Driver/Src/stm32f7xx_hal_adc.o
                0x0000000008002fa4                HAL_ADC_Init
 .text.HAL_ADC_ConfigChannel
                0x000000000800302c      0x2ac ./Drivers/STM32F7xx_HAL_Driver/Src/stm32f7xx_hal_adc.o
                0x000000000800302c                HAL_ADC_ConfigChannel
 .text.ADC_Init
                0x00000000080032d8      0x1f4 ./Drivers/STM32F7xx_HAL_Driver/Src/stm32f7xx_hal_adc.o
 .text.__NVIC_SetPriorityGrouping
                0x00000000080034cc       0x48 ./Drivers/STM32F7xx_HAL_Driver/Src/stm32f7xx_hal_cortex.o
 .text.__NVIC_GetPriorityGrouping
                0x0000000008003514       0x1c ./Drivers/STM32F7xx_HAL_Driver/Src/stm32f7xx_hal_cortex.o
 .text.__NVIC_EnableIRQ
                0x0000000008003530       0x3c ./Drivers/STM32F7xx_HAL_Driver/Src/stm32f7xx_hal_cortex.o
 .text.__NVIC_DisableIRQ
                0x000000000800356c       0x48 ./Drivers/STM32F7xx_HAL_Driver/Src/stm32f7xx_hal_cortex.o
 .text.__NVIC_SetPriority
                0x00000000080035b4       0x54 ./Drivers/STM32F7xx_HAL_Driver/Src/stm32f7xx_hal_cortex.o
 .text.NVIC_EncodePriority
                0x0000000008003608       0x66 ./Drivers/STM32F7xx_HAL_Driver/Src/stm32f7xx_hal_cortex.o
 *fill*         0x000000000800366e        0x2 
 .text.SysTick_Config
                0x0000000008003670       0x44 ./Drivers/STM32F7xx_HAL_Driver/Src/stm32f7xx_hal_cortex.o
 .text.HAL_NVIC_SetPriorityGrouping
                0x00000000080036b4       0x16 ./Drivers/STM32F7xx_HAL_Driver/Src/stm32f7xx_hal_cortex.o
                0x00000000080036b4                HAL_NVIC_SetPriorityGrouping
 .text.HAL_NVIC_SetPriority
                0x00000000080036ca       0x38 ./Drivers/STM32F7xx_HAL_Driver/Src/stm32f7xx_hal_cortex.o
                0x00000000080036ca                HAL_NVIC_SetPriority
 .text.HAL_NVIC_EnableIRQ
                0x0000000008003702       0x1c ./Drivers/STM32F7xx_HAL_Driver/Src/stm32f7xx_hal_cortex.o
                0x0000000008003702                HAL_NVIC_EnableIRQ
 .text.HAL_NVIC_DisableIRQ
                0x000000000800371e       0x1c ./Drivers/STM32F7xx_HAL_Driver/Src/stm32f7xx_hal_cortex.o
                0x000000000800371e                HAL_NVIC_DisableIRQ
 .text.HAL_SYSTICK_Config
                0x000000000800373a       0x18 ./Drivers/STM32F7xx_HAL_Driver/Src/stm32f7xx_hal_cortex.o
                0x000000000800373a                HAL_SYSTICK_Config
 *fill*         0x0000000008003752        0x2 
 .text.HAL_GPIO_Init
                0x0000000008003754      0x358 ./Drivers/STM32F7xx_HAL_Driver/Src/stm32f7xx_hal_gpio.o
                0x0000000008003754                HAL_GPIO_Init
 .text.HAL_GPIO_WritePin
                0x0000000008003aac       0x32 ./Drivers/STM32F7xx_HAL_Driver/Src/stm32f7xx_hal_gpio.o
                0x0000000008003aac                HAL_GPIO_WritePin
 *fill*         0x0000000008003ade        0x2 
 .text.HAL_GPIO_EXTI_IRQHandler
                0x0000000008003ae0       0x30 ./Drivers/STM32F7xx_HAL_Driver/Src/stm32f7xx_hal_gpio.o
                0x0000000008003ae0                HAL_GPIO_EXTI_IRQHandler
 .text.HAL_I2C_Init
                0x0000000008003b10      0x120 ./Drivers/STM32F7xx_HAL_Driver/Src/stm32f7xx_hal_i2c.o
                0x0000000008003b10                HAL_I2C_Init
 .text.HAL_I2C_Mem_Write
                0x0000000008003c30      0x228 ./Drivers/STM32F7xx_HAL_Driver/Src/stm32f7xx_hal_i2c.o
                0x0000000008003c30                HAL_I2C_Mem_Write
 .text.HAL_I2C_Mem_Read
                0x0000000008003e58      0x234 ./Drivers/STM32F7xx_HAL_Driver/Src/stm32f7xx_hal_i2c.o
                0x0000000008003e58                HAL_I2C_Mem_Read
 .text.I2C_RequestMemoryWrite
                0x000000000800408c       0xa8 ./Drivers/STM32F7xx_HAL_Driver/Src/stm32f7xx_hal_i2c.o
 .text.I2C_RequestMemoryRead
                0x0000000008004134       0xa8 ./Drivers/STM32F7xx_HAL_Driver/Src/stm32f7xx_hal_i2c.o
 .text.I2C_Flush_TXDR
                0x00000000080041dc       0x48 ./Drivers/STM32F7xx_HAL_Driver/Src/stm32f7xx_hal_i2c.o
 .text.I2C_WaitOnFlagUntilTimeout
                0x0000000008004224       0x80 ./Drivers/STM32F7xx_HAL_Driver/Src/stm32f7xx_hal_i2c.o
 .text.I2C_WaitOnTXISFlagUntilTimeout
                0x00000000080042a4       0x80 ./Drivers/STM32F7xx_HAL_Driver/Src/stm32f7xx_hal_i2c.o
 .text.I2C_WaitOnSTOPFlagUntilTimeout
                0x0000000008004324       0x78 ./Drivers/STM32F7xx_HAL_Driver/Src/stm32f7xx_hal_i2c.o
 .text.I2C_IsErrorOccurred
                0x000000000800439c      0x1c0 ./Drivers/STM32F7xx_HAL_Driver/Src/stm32f7xx_hal_i2c.o
 .text.I2C_TransferConfig
                0x000000000800455c       0x64 ./Drivers/STM32F7xx_HAL_Driver/Src/stm32f7xx_hal_i2c.o
 .text.HAL_I2CEx_ConfigAnalogFilter
                0x00000000080045c0       0x96 ./Drivers/STM32F7xx_HAL_Driver/Src/stm32f7xx_hal_i2c_ex.o
                0x00000000080045c0                HAL_I2CEx_ConfigAnalogFilter
 .text.HAL_I2CEx_ConfigDigitalFilter
                0x0000000008004656       0x98 ./Drivers/STM32F7xx_HAL_Driver/Src/stm32f7xx_hal_i2c_ex.o
                0x0000000008004656                HAL_I2CEx_ConfigDigitalFilter
 *fill*         0x00000000080046ee        0x2 
 .text.HAL_PWR_EnableBkUpAccess
                0x00000000080046f0       0x20 ./Drivers/STM32F7xx_HAL_Driver/Src/stm32f7xx_hal_pwr.o
                0x00000000080046f0                HAL_PWR_EnableBkUpAccess
 .text.HAL_PWREx_EnableOverDrive
                0x0000000008004710       0xa0 ./Drivers/STM32F7xx_HAL_Driver/Src/stm32f7xx_hal_pwr_ex.o
                0x0000000008004710                HAL_PWREx_EnableOverDrive
 .text.HAL_RCC_OscConfig
                0x00000000080047b0      0x55c ./Drivers/STM32F7xx_HAL_Driver/Src/stm32f7xx_hal_rcc.o
                0x00000000080047b0                HAL_RCC_OscConfig
 .text.HAL_RCC_ClockConfig
                0x0000000008004d0c      0x1d8 ./Drivers/STM32F7xx_HAL_Driver/Src/stm32f7xx_hal_rcc.o
                0x0000000008004d0c                HAL_RCC_ClockConfig
 .text.HAL_RCC_GetSysClockFreq
                0x0000000008004ee4      0x20c ./Drivers/STM32F7xx_HAL_Driver/Src/stm32f7xx_hal_rcc.o
                0x0000000008004ee4                HAL_RCC_GetSysClockFreq
 .text.HAL_RCC_GetHCLKFreq
                0x00000000080050f0       0x18 ./Drivers/STM32F7xx_HAL_Driver/Src/stm32f7xx_hal_rcc.o
                0x00000000080050f0                HAL_RCC_GetHCLKFreq
 .text.HAL_RCC_GetPCLK1Freq
                0x0000000008005108       0x28 ./Drivers/STM32F7xx_HAL_Driver/Src/stm32f7xx_hal_rcc.o
                0x0000000008005108                HAL_RCC_GetPCLK1Freq
 .text.HAL_RCC_GetPCLK2Freq
                0x0000000008005130       0x28 ./Drivers/STM32F7xx_HAL_Driver/Src/stm32f7xx_hal_rcc.o
                0x0000000008005130                HAL_RCC_GetPCLK2Freq
 .text.HAL_RCCEx_PeriphCLKConfig
                0x0000000008005158      0x850 ./Drivers/STM32F7xx_HAL_Driver/Src/stm32f7xx_hal_rcc_ex.o
                0x0000000008005158                HAL_RCCEx_PeriphCLKConfig
 .text.HAL_SPI_Init
                0x00000000080059a8      0x156 ./Drivers/STM32F7xx_HAL_Driver/Src/stm32f7xx_hal_spi.o
                0x00000000080059a8                HAL_SPI_Init
 .text.HAL_TIM_Base_Init
                0x0000000008005afe       0xae ./Drivers/STM32F7xx_HAL_Driver/Src/stm32f7xx_hal_tim.o
                0x0000000008005afe                HAL_TIM_Base_Init
 .text.HAL_TIM_Base_Start_IT
                0x0000000008005bac       0xf0 ./Drivers/STM32F7xx_HAL_Driver/Src/stm32f7xx_hal_tim.o
                0x0000000008005bac                HAL_TIM_Base_Start_IT
 .text.HAL_TIM_OC_Init
                0x0000000008005c9c       0xae ./Drivers/STM32F7xx_HAL_Driver/Src/stm32f7xx_hal_tim.o
                0x0000000008005c9c                HAL_TIM_OC_Init
 .text.HAL_TIM_OC_MspInit
                0x0000000008005d4a       0x14 ./Drivers/STM32F7xx_HAL_Driver/Src/stm32f7xx_hal_tim.o
                0x0000000008005d4a                HAL_TIM_OC_MspInit
 .text.HAL_TIM_PWM_Init
                0x0000000008005d5e       0xae ./Drivers/STM32F7xx_HAL_Driver/Src/stm32f7xx_hal_tim.o
                0x0000000008005d5e                HAL_TIM_PWM_Init
 .text.HAL_TIM_PWM_Start
                0x0000000008005e0c      0x1f4 ./Drivers/STM32F7xx_HAL_Driver/Src/stm32f7xx_hal_tim.o
                0x0000000008005e0c                HAL_TIM_PWM_Start
 .text.HAL_TIM_IC_Init
                0x0000000008006000       0xae ./Drivers/STM32F7xx_HAL_Driver/Src/stm32f7xx_hal_tim.o
                0x0000000008006000                HAL_TIM_IC_Init
 .text.HAL_TIM_IC_MspInit
                0x00000000080060ae       0x14 ./Drivers/STM32F7xx_HAL_Driver/Src/stm32f7xx_hal_tim.o
                0x00000000080060ae                HAL_TIM_IC_MspInit
 *fill*         0x00000000080060c2        0x2 
 .text.HAL_TIM_Encoder_Init
                0x00000000080060c4      0x14c ./Drivers/STM32F7xx_HAL_Driver/Src/stm32f7xx_hal_tim.o
                0x00000000080060c4                HAL_TIM_Encoder_Init
 .text.HAL_TIM_Encoder_Start
                0x0000000008006210      0x11c ./Drivers/STM32F7xx_HAL_Driver/Src/stm32f7xx_hal_tim.o
                0x0000000008006210                HAL_TIM_Encoder_Start
 .text.HAL_TIM_IRQHandler
                0x000000000800632c      0x23e ./Drivers/STM32F7xx_HAL_Driver/Src/stm32f7xx_hal_tim.o
                0x000000000800632c                HAL_TIM_IRQHandler
 *fill*         0x000000000800656a        0x2 
 .text.HAL_TIM_OC_ConfigChannel
                0x000000000800656c       0xf4 ./Drivers/STM32F7xx_HAL_Driver/Src/stm32f7xx_hal_tim.o
                0x000000000800656c                HAL_TIM_OC_ConfigChannel
 .text.HAL_TIM_IC_ConfigChannel
                0x0000000008006660      0x138 ./Drivers/STM32F7xx_HAL_Driver/Src/stm32f7xx_hal_tim.o
                0x0000000008006660                HAL_TIM_IC_ConfigChannel
 .text.HAL_TIM_PWM_ConfigChannel
                0x0000000008006798      0x228 ./Drivers/STM32F7xx_HAL_Driver/Src/stm32f7xx_hal_tim.o
                0x0000000008006798                HAL_TIM_PWM_ConfigChannel
 .text.HAL_TIM_ConfigClockSource
                0x00000000080069c0      0x194 ./Drivers/STM32F7xx_HAL_Driver/Src/stm32f7xx_hal_tim.o
                0x00000000080069c0                HAL_TIM_ConfigClockSource
 .text.HAL_TIM_OC_DelayElapsedCallback
                0x0000000008006b54       0x14 ./Drivers/STM32F7xx_HAL_Driver/Src/stm32f7xx_hal_tim.o
                0x0000000008006b54                HAL_TIM_OC_DelayElapsedCallback
 .text.HAL_TIM_IC_CaptureCallback
                0x0000000008006b68       0x14 ./Drivers/STM32F7xx_HAL_Driver/Src/stm32f7xx_hal_tim.o
                0x0000000008006b68                HAL_TIM_IC_CaptureCallback
 .text.HAL_TIM_PWM_PulseFinishedCallback
                0x0000000008006b7c       0x14 ./Drivers/STM32F7xx_HAL_Driver/Src/stm32f7xx_hal_tim.o
                0x0000000008006b7c                HAL_TIM_PWM_PulseFinishedCallback
 .text.HAL_TIM_TriggerCallback
                0x0000000008006b90       0x14 ./Drivers/STM32F7xx_HAL_Driver/Src/stm32f7xx_hal_tim.o
                0x0000000008006b90                HAL_TIM_TriggerCallback
 .text.TIM_Base_SetConfig
                0x0000000008006ba4      0x140 ./Drivers/STM32F7xx_HAL_Driver/Src/stm32f7xx_hal_tim.o
                0x0000000008006ba4                TIM_Base_SetConfig
 .text.TIM_OC1_SetConfig
                0x0000000008006ce4       0xe4 ./Drivers/STM32F7xx_HAL_Driver/Src/stm32f7xx_hal_tim.o
 .text.TIM_OC2_SetConfig
                0x0000000008006dc8       0xf0 ./Drivers/STM32F7xx_HAL_Driver/Src/stm32f7xx_hal_tim.o
                0x0000000008006dc8                TIM_OC2_SetConfig
 .text.TIM_OC3_SetConfig
                0x0000000008006eb8       0xec ./Drivers/STM32F7xx_HAL_Driver/Src/stm32f7xx_hal_tim.o
 .text.TIM_OC4_SetConfig
                0x0000000008006fa4       0xb0 ./Drivers/STM32F7xx_HAL_Driver/Src/stm32f7xx_hal_tim.o
 .text.TIM_OC5_SetConfig
                0x0000000008007054       0xa4 ./Drivers/STM32F7xx_HAL_Driver/Src/stm32f7xx_hal_tim.o
 .text.TIM_OC6_SetConfig
                0x00000000080070f8       0xa8 ./Drivers/STM32F7xx_HAL_Driver/Src/stm32f7xx_hal_tim.o
 .text.TIM_TI1_SetConfig
                0x00000000080071a0       0xe8 ./Drivers/STM32F7xx_HAL_Driver/Src/stm32f7xx_hal_tim.o
                0x00000000080071a0                TIM_TI1_SetConfig
 .text.TIM_TI1_ConfigInputStage
                0x0000000008007288       0x5e ./Drivers/STM32F7xx_HAL_Driver/Src/stm32f7xx_hal_tim.o
 .text.TIM_TI2_SetConfig
                0x00000000080072e6       0x7a ./Drivers/STM32F7xx_HAL_Driver/Src/stm32f7xx_hal_tim.o
 .text.TIM_TI2_ConfigInputStage
                0x0000000008007360       0x60 ./Drivers/STM32F7xx_HAL_Driver/Src/stm32f7xx_hal_tim.o
 .text.TIM_TI3_SetConfig
                0x00000000080073c0       0x78 ./Drivers/STM32F7xx_HAL_Driver/Src/stm32f7xx_hal_tim.o
 .text.TIM_TI4_SetConfig
                0x0000000008007438       0x7a ./Drivers/STM32F7xx_HAL_Driver/Src/stm32f7xx_hal_tim.o
 .text.TIM_ITRx_SetConfig
                0x00000000080074b2       0x36 ./Drivers/STM32F7xx_HAL_Driver/Src/stm32f7xx_hal_tim.o
 .text.TIM_ETR_SetConfig
                0x00000000080074e8       0x40 ./Drivers/STM32F7xx_HAL_Driver/Src/stm32f7xx_hal_tim.o
                0x00000000080074e8                TIM_ETR_SetConfig
 .text.TIM_CCxChannelCmd
                0x0000000008007528       0x4a ./Drivers/STM32F7xx_HAL_Driver/Src/stm32f7xx_hal_tim.o
                0x0000000008007528                TIM_CCxChannelCmd
 *fill*         0x0000000008007572        0x2 
 .text.HAL_TIMEx_MasterConfigSynchronization
                0x0000000008007574      0x11c ./Drivers/STM32F7xx_HAL_Driver/Src/stm32f7xx_hal_tim_ex.o
                0x0000000008007574                HAL_TIMEx_MasterConfigSynchronization
 .text.HAL_TIMEx_ConfigBreakDeadTime
                0x0000000008007690       0xfc ./Drivers/STM32F7xx_HAL_Driver/Src/stm32f7xx_hal_tim_ex.o
                0x0000000008007690                HAL_TIMEx_ConfigBreakDeadTime
 .text.HAL_TIMEx_CommutCallback
                0x000000000800778c       0x14 ./Drivers/STM32F7xx_HAL_Driver/Src/stm32f7xx_hal_tim_ex.o
                0x000000000800778c                HAL_TIMEx_CommutCallback
 .text.HAL_TIMEx_BreakCallback
                0x00000000080077a0       0x14 ./Drivers/STM32F7xx_HAL_Driver/Src/stm32f7xx_hal_tim_ex.o
                0x00000000080077a0                HAL_TIMEx_BreakCallback
 .text.HAL_TIMEx_Break2Callback
                0x00000000080077b4       0x14 ./Drivers/STM32F7xx_HAL_Driver/Src/stm32f7xx_hal_tim_ex.o
                0x00000000080077b4                HAL_TIMEx_Break2Callback
 .text.HAL_UART_Init
                0x00000000080077c8       0x9c ./Drivers/STM32F7xx_HAL_Driver/Src/stm32f7xx_hal_uart.o
                0x00000000080077c8                HAL_UART_Init
 .text.HAL_UART_Transmit
                0x0000000008007864      0x106 ./Drivers/STM32F7xx_HAL_Driver/Src/stm32f7xx_hal_uart.o
                0x0000000008007864                HAL_UART_Transmit
 .text.HAL_UART_Receive
                0x000000000800796a      0x188 ./Drivers/STM32F7xx_HAL_Driver/Src/stm32f7xx_hal_uart.o
                0x000000000800796a                HAL_UART_Receive
 *fill*         0x0000000008007af2        0x2 
 .text.UART_SetConfig
                0x0000000008007af4      0x4c8 ./Drivers/STM32F7xx_HAL_Driver/Src/stm32f7xx_hal_uart.o
                0x0000000008007af4                UART_SetConfig
 .text.UART_AdvFeatureConfig
                0x0000000008007fbc      0x144 ./Drivers/STM32F7xx_HAL_Driver/Src/stm32f7xx_hal_uart.o
                0x0000000008007fbc                UART_AdvFeatureConfig
 .text.UART_CheckIdleState
                0x0000000008008100       0x9a ./Drivers/STM32F7xx_HAL_Driver/Src/stm32f7xx_hal_uart.o
                0x0000000008008100                UART_CheckIdleState
 .text.UART_WaitOnFlagUntilTimeout
                0x000000000800819a      0x18c ./Drivers/STM32F7xx_HAL_Driver/Src/stm32f7xx_hal_uart.o
                0x000000000800819a                UART_WaitOnFlagUntilTimeout
 *fill*         0x0000000008008326        0x2 
 .text.__errno  0x0000000008008328        0xc c:/program files/stmicroelectronics/stm32cube/stm32cubeide_1.11.2/stm32cubeide/plugins/com.st.stm32cube.ide.mcu.externaltools.gnu-tools-for-stm32.10.3-2021.10.win32_1.0.100.202210260954/tools/bin/../lib/gcc/arm-none-eabi/10.3.1/../../../../arm-none-eabi/lib/thumb/v7e-m+dp/hard\libc_nano.a(lib_a-errno.o)
                0x0000000008008328                __errno
 .text.__libc_init_array
                0x0000000008008334       0x48 c:/program files/stmicroelectronics/stm32cube/stm32cubeide_1.11.2/stm32cubeide/plugins/com.st.stm32cube.ide.mcu.externaltools.gnu-tools-for-stm32.10.3-2021.10.win32_1.0.100.202210260954/tools/bin/../lib/gcc/arm-none-eabi/10.3.1/../../../../arm-none-eabi/lib/thumb/v7e-m+dp/hard\libc_nano.a(lib_a-init.o)
                0x0000000008008334                __libc_init_array
 .text.memcpy   0x000000000800837c       0x1c c:/program files/stmicroelectronics/stm32cube/stm32cubeide_1.11.2/stm32cubeide/plugins/com.st.stm32cube.ide.mcu.externaltools.gnu-tools-for-stm32.10.3-2021.10.win32_1.0.100.202210260954/tools/bin/../lib/gcc/arm-none-eabi/10.3.1/../../../../arm-none-eabi/lib/thumb/v7e-m+dp/hard\libc_nano.a(lib_a-memcpy-stub.o)
                0x000000000800837c                memcpy
 .text.memset   0x0000000008008398       0x10 c:/program files/stmicroelectronics/stm32cube/stm32cubeide_1.11.2/stm32cubeide/plugins/com.st.stm32cube.ide.mcu.externaltools.gnu-tools-for-stm32.10.3-2021.10.win32_1.0.100.202210260954/tools/bin/../lib/gcc/arm-none-eabi/10.3.1/../../../../arm-none-eabi/lib/thumb/v7e-m+dp/hard\libc_nano.a(lib_a-memset.o)
                0x0000000008008398                memset
 .text.printf   0x00000000080083a8       0x30 c:/program files/stmicroelectronics/stm32cube/stm32cubeide_1.11.2/stm32cubeide/plugins/com.st.stm32cube.ide.mcu.externaltools.gnu-tools-for-stm32.10.3-2021.10.win32_1.0.100.202210260954/tools/bin/../lib/gcc/arm-none-eabi/10.3.1/../../../../arm-none-eabi/lib/thumb/v7e-m+dp/hard\libc_nano.a(lib_a-printf.o)
                0x00000000080083a8                iprintf
                0x00000000080083a8                printf
 .text.std      0x00000000080083d8       0x48 c:/program files/stmicroelectronics/stm32cube/stm32cubeide_1.11.2/stm32cubeide/plugins/com.st.stm32cube.ide.mcu.externaltools.gnu-tools-for-stm32.10.3-2021.10.win32_1.0.100.202210260954/tools/bin/../lib/gcc/arm-none-eabi/10.3.1/../../../../arm-none-eabi/lib/thumb/v7e-m+dp/hard\libc_nano.a(lib_a-findfp.o)
 .text._cleanup_r
                0x0000000008008420        0xc c:/program files/stmicroelectronics/stm32cube/stm32cubeide_1.11.2/stm32cubeide/plugins/com.st.stm32cube.ide.mcu.externaltools.gnu-tools-for-stm32.10.3-2021.10.win32_1.0.100.202210260954/tools/bin/../lib/gcc/arm-none-eabi/10.3.1/../../../../arm-none-eabi/lib/thumb/v7e-m+dp/hard\libc_nano.a(lib_a-findfp.o)
                0x0000000008008420                _cleanup_r
 .text.__sfmoreglue
                0x000000000800842c       0x2c c:/program files/stmicroelectronics/stm32cube/stm32cubeide_1.11.2/stm32cubeide/plugins/com.st.stm32cube.ide.mcu.externaltools.gnu-tools-for-stm32.10.3-2021.10.win32_1.0.100.202210260954/tools/bin/../lib/gcc/arm-none-eabi/10.3.1/../../../../arm-none-eabi/lib/thumb/v7e-m+dp/hard\libc_nano.a(lib_a-findfp.o)
                0x000000000800842c                __sfmoreglue
 .text.__sfp_lock_acquire
                0x0000000008008458        0xc c:/program files/stmicroelectronics/stm32cube/stm32cubeide_1.11.2/stm32cubeide/plugins/com.st.stm32cube.ide.mcu.externaltools.gnu-tools-for-stm32.10.3-2021.10.win32_1.0.100.202210260954/tools/bin/../lib/gcc/arm-none-eabi/10.3.1/../../../../arm-none-eabi/lib/thumb/v7e-m+dp/hard\libc_nano.a(lib_a-findfp.o)
                0x0000000008008458                __sfp_lock_acquire
 .text.__sfp_lock_release
                0x0000000008008464        0xc c:/program files/stmicroelectronics/stm32cube/stm32cubeide_1.11.2/stm32cubeide/plugins/com.st.stm32cube.ide.mcu.externaltools.gnu-tools-for-stm32.10.3-2021.10.win32_1.0.100.202210260954/tools/bin/../lib/gcc/arm-none-eabi/10.3.1/../../../../arm-none-eabi/lib/thumb/v7e-m+dp/hard\libc_nano.a(lib_a-findfp.o)
                0x0000000008008464                __sfp_lock_release
 .text.__sinit_lock_acquire
                0x0000000008008470        0xc c:/program files/stmicroelectronics/stm32cube/stm32cubeide_1.11.2/stm32cubeide/plugins/com.st.stm32cube.ide.mcu.externaltools.gnu-tools-for-stm32.10.3-2021.10.win32_1.0.100.202210260954/tools/bin/../lib/gcc/arm-none-eabi/10.3.1/../../../../arm-none-eabi/lib/thumb/v7e-m+dp/hard\libc_nano.a(lib_a-findfp.o)
                0x0000000008008470                __sinit_lock_acquire
 .text.__sinit_lock_release
                0x000000000800847c        0xc c:/program files/stmicroelectronics/stm32cube/stm32cubeide_1.11.2/stm32cubeide/plugins/com.st.stm32cube.ide.mcu.externaltools.gnu-tools-for-stm32.10.3-2021.10.win32_1.0.100.202210260954/tools/bin/../lib/gcc/arm-none-eabi/10.3.1/../../../../arm-none-eabi/lib/thumb/v7e-m+dp/hard\libc_nano.a(lib_a-findfp.o)
                0x000000000800847c                __sinit_lock_release
 .text.__sinit  0x0000000008008488       0x70 c:/program files/stmicroelectronics/stm32cube/stm32cubeide_1.11.2/stm32cubeide/plugins/com.st.stm32cube.ide.mcu.externaltools.gnu-tools-for-stm32.10.3-2021.10.win32_1.0.100.202210260954/tools/bin/../lib/gcc/arm-none-eabi/10.3.1/../../../../arm-none-eabi/lib/thumb/v7e-m+dp/hard\libc_nano.a(lib_a-findfp.o)
                0x0000000008008488                __sinit
 .text.__sfp    0x00000000080084f8       0x8c c:/program files/stmicroelectronics/stm32cube/stm32cubeide_1.11.2/stm32cubeide/plugins/com.st.stm32cube.ide.mcu.externaltools.gnu-tools-for-stm32.10.3-2021.10.win32_1.0.100.202210260954/tools/bin/../lib/gcc/arm-none-eabi/10.3.1/../../../../arm-none-eabi/lib/thumb/v7e-m+dp/hard\libc_nano.a(lib_a-findfp.o)
                0x00000000080084f8                __sfp
 .text._fwalk_reent
                0x0000000008008584       0x3e c:/program files/stmicroelectronics/stm32cube/stm32cubeide_1.11.2/stm32cubeide/plugins/com.st.stm32cube.ide.mcu.externaltools.gnu-tools-for-stm32.10.3-2021.10.win32_1.0.100.202210260954/tools/bin/../lib/gcc/arm-none-eabi/10.3.1/../../../../arm-none-eabi/lib/thumb/v7e-m+dp/hard\libc_nano.a(lib_a-fwalk.o)
                0x0000000008008584                _fwalk_reent
 .text.__retarget_lock_init_recursive
                0x00000000080085c2        0x2 c:/program files/stmicroelectronics/stm32cube/stm32cubeide_1.11.2/stm32cubeide/plugins/com.st.stm32cube.ide.mcu.externaltools.gnu-tools-for-stm32.10.3-2021.10.win32_1.0.100.202210260954/tools/bin/../lib/gcc/arm-none-eabi/10.3.1/../../../../arm-none-eabi/lib/thumb/v7e-m+dp/hard\libc_nano.a(lib_a-lock.o)
                0x00000000080085c2                __retarget_lock_init_recursive
 .text.__retarget_lock_acquire_recursive
                0x00000000080085c4        0x2 c:/program files/stmicroelectronics/stm32cube/stm32cubeide_1.11.2/stm32cubeide/plugins/com.st.stm32cube.ide.mcu.externaltools.gnu-tools-for-stm32.10.3-2021.10.win32_1.0.100.202210260954/tools/bin/../lib/gcc/arm-none-eabi/10.3.1/../../../../arm-none-eabi/lib/thumb/v7e-m+dp/hard\libc_nano.a(lib_a-lock.o)
                0x00000000080085c4                __retarget_lock_acquire_recursive
 .text.__retarget_lock_release_recursive
                0x00000000080085c6        0x2 c:/program files/stmicroelectronics/stm32cube/stm32cubeide_1.11.2/stm32cubeide/plugins/com.st.stm32cube.ide.mcu.externaltools.gnu-tools-for-stm32.10.3-2021.10.win32_1.0.100.202210260954/tools/bin/../lib/gcc/arm-none-eabi/10.3.1/../../../../arm-none-eabi/lib/thumb/v7e-m+dp/hard\libc_nano.a(lib_a-lock.o)
                0x00000000080085c6                __retarget_lock_release_recursive
 .text.sbrk_aligned
                0x00000000080085c8       0x40 c:/program files/stmicroelectronics/stm32cube/stm32cubeide_1.11.2/stm32cubeide/plugins/com.st.stm32cube.ide.mcu.externaltools.gnu-tools-for-stm32.10.3-2021.10.win32_1.0.100.202210260954/tools/bin/../lib/gcc/arm-none-eabi/10.3.1/../../../../arm-none-eabi/lib/thumb/v7e-m+dp/hard\libc_nano.a(lib_a-nano-mallocr.o)
 .text._malloc_r
                0x0000000008008608       0xe8 c:/program files/stmicroelectronics/stm32cube/stm32cubeide_1.11.2/stm32cubeide/plugins/com.st.stm32cube.ide.mcu.externaltools.gnu-tools-for-stm32.10.3-2021.10.win32_1.0.100.202210260954/tools/bin/../lib/gcc/arm-none-eabi/10.3.1/../../../../arm-none-eabi/lib/thumb/v7e-m+dp/hard\libc_nano.a(lib_a-nano-mallocr.o)
                0x0000000008008608                _malloc_r
 .text.__sfputc_r
                0x00000000080086f0       0x2e c:/program files/stmicroelectronics/stm32cube/stm32cubeide_1.11.2/stm32cubeide/plugins/com.st.stm32cube.ide.mcu.externaltools.gnu-tools-for-stm32.10.3-2021.10.win32_1.0.100.202210260954/tools/bin/../lib/gcc/arm-none-eabi/10.3.1/../../../../arm-none-eabi/lib/thumb/v7e-m+dp/hard\libc_nano.a(lib_a-nano-vfprintf.o)
 .text.__sfputs_r
                0x000000000800871e       0x24 c:/program files/stmicroelectronics/stm32cube/stm32cubeide_1.11.2/stm32cubeide/plugins/com.st.stm32cube.ide.mcu.externaltools.gnu-tools-for-stm32.10.3-2021.10.win32_1.0.100.202210260954/tools/bin/../lib/gcc/arm-none-eabi/10.3.1/../../../../arm-none-eabi/lib/thumb/v7e-m+dp/hard\libc_nano.a(lib_a-nano-vfprintf.o)
                0x000000000800871e                __sfputs_r
 *fill*         0x0000000008008742        0x2 
 .text._vfprintf_r
                0x0000000008008744      0x260 c:/program files/stmicroelectronics/stm32cube/stm32cubeide_1.11.2/stm32cubeide/plugins/com.st.stm32cube.ide.mcu.externaltools.gnu-tools-for-stm32.10.3-2021.10.win32_1.0.100.202210260954/tools/bin/../lib/gcc/arm-none-eabi/10.3.1/../../../../arm-none-eabi/lib/thumb/v7e-m+dp/hard\libc_nano.a(lib_a-nano-vfprintf.o)
                0x0000000008008744                _vfprintf_r
                0x0000000008008744                _vfiprintf_r
 .text._printf_common
                0x00000000080089a4       0xda c:/program files/stmicroelectronics/stm32cube/stm32cubeide_1.11.2/stm32cubeide/plugins/com.st.stm32cube.ide.mcu.externaltools.gnu-tools-for-stm32.10.3-2021.10.win32_1.0.100.202210260954/tools/bin/../lib/gcc/arm-none-eabi/10.3.1/../../../../arm-none-eabi/lib/thumb/v7e-m+dp/hard\libc_nano.a(lib_a-nano-vfprintf_i.o)
                0x00000000080089a4                _printf_common
 *fill*         0x0000000008008a7e        0x2 
 .text._printf_i
                0x0000000008008a80      0x24c c:/program files/stmicroelectronics/stm32cube/stm32cubeide_1.11.2/stm32cubeide/plugins/com.st.stm32cube.ide.mcu.externaltools.gnu-tools-for-stm32.10.3-2021.10.win32_1.0.100.202210260954/tools/bin/../lib/gcc/arm-none-eabi/10.3.1/../../../../arm-none-eabi/lib/thumb/v7e-m+dp/hard\libc_nano.a(lib_a-nano-vfprintf_i.o)
                0x0000000008008a80                _printf_i
 .text._sbrk_r  0x0000000008008ccc       0x20 c:/program files/stmicroelectronics/stm32cube/stm32cubeide_1.11.2/stm32cubeide/plugins/com.st.stm32cube.ide.mcu.externaltools.gnu-tools-for-stm32.10.3-2021.10.win32_1.0.100.202210260954/tools/bin/../lib/gcc/arm-none-eabi/10.3.1/../../../../arm-none-eabi/lib/thumb/v7e-m+dp/hard\libc_nano.a(lib_a-sbrkr.o)
                0x0000000008008ccc                _sbrk_r
 .text.__sread  0x0000000008008cec       0x22 c:/program files/stmicroelectronics/stm32cube/stm32cubeide_1.11.2/stm32cubeide/plugins/com.st.stm32cube.ide.mcu.externaltools.gnu-tools-for-stm32.10.3-2021.10.win32_1.0.100.202210260954/tools/bin/../lib/gcc/arm-none-eabi/10.3.1/../../../../arm-none-eabi/lib/thumb/v7e-m+dp/hard\libc_nano.a(lib_a-stdio.o)
                0x0000000008008cec                __sread
 .text.__swrite
                0x0000000008008d0e       0x38 c:/program files/stmicroelectronics/stm32cube/stm32cubeide_1.11.2/stm32cubeide/plugins/com.st.stm32cube.ide.mcu.externaltools.gnu-tools-for-stm32.10.3-2021.10.win32_1.0.100.202210260954/tools/bin/../lib/gcc/arm-none-eabi/10.3.1/../../../../arm-none-eabi/lib/thumb/v7e-m+dp/hard\libc_nano.a(lib_a-stdio.o)
                0x0000000008008d0e                __swrite
 .text.__sseek  0x0000000008008d46       0x24 c:/program files/stmicroelectronics/stm32cube/stm32cubeide_1.11.2/stm32cubeide/plugins/com.st.stm32cube.ide.mcu.externaltools.gnu-tools-for-stm32.10.3-2021.10.win32_1.0.100.202210260954/tools/bin/../lib/gcc/arm-none-eabi/10.3.1/../../../../arm-none-eabi/lib/thumb/v7e-m+dp/hard\libc_nano.a(lib_a-stdio.o)
                0x0000000008008d46                __sseek
 .text.__sclose
                0x0000000008008d6a        0x8 c:/program files/stmicroelectronics/stm32cube/stm32cubeide_1.11.2/stm32cubeide/plugins/com.st.stm32cube.ide.mcu.externaltools.gnu-tools-for-stm32.10.3-2021.10.win32_1.0.100.202210260954/tools/bin/../lib/gcc/arm-none-eabi/10.3.1/../../../../arm-none-eabi/lib/thumb/v7e-m+dp/hard\libc_nano.a(lib_a-stdio.o)
                0x0000000008008d6a                __sclose
 *fill*         0x0000000008008d72        0x2 
 .text.__swbuf_r
                0x0000000008008d74       0xa4 c:/program files/stmicroelectronics/stm32cube/stm32cubeide_1.11.2/stm32cubeide/plugins/com.st.stm32cube.ide.mcu.externaltools.gnu-tools-for-stm32.10.3-2021.10.win32_1.0.100.202210260954/tools/bin/../lib/gcc/arm-none-eabi/10.3.1/../../../../arm-none-eabi/lib/thumb/v7e-m+dp/hard\libc_nano.a(lib_a-wbuf.o)
                0x0000000008008d74                __swbuf_r
 .text._write_r
                0x0000000008008e18       0x24 c:/program files/stmicroelectronics/stm32cube/stm32cubeide_1.11.2/stm32cubeide/plugins/com.st.stm32cube.ide.mcu.externaltools.gnu-tools-for-stm32.10.3-2021.10.win32_1.0.100.202210260954/tools/bin/../lib/gcc/arm-none-eabi/10.3.1/../../../../arm-none-eabi/lib/thumb/v7e-m+dp/hard\libc_nano.a(lib_a-writer.o)
                0x0000000008008e18                _write_r
 .text.__swsetup_r
                0x0000000008008e3c       0xdc c:/program files/stmicroelectronics/stm32cube/stm32cubeide_1.11.2/stm32cubeide/plugins/com.st.stm32cube.ide.mcu.externaltools.gnu-tools-for-stm32.10.3-2021.10.win32_1.0.100.202210260954/tools/bin/../lib/gcc/arm-none-eabi/10.3.1/../../../../arm-none-eabi/lib/thumb/v7e-m+dp/hard\libc_nano.a(lib_a-wsetup.o)
                0x0000000008008e3c                __swsetup_r
 .text._close_r
                0x0000000008008f18       0x20 c:/program files/stmicroelectronics/stm32cube/stm32cubeide_1.11.2/stm32cubeide/plugins/com.st.stm32cube.ide.mcu.externaltools.gnu-tools-for-stm32.10.3-2021.10.win32_1.0.100.202210260954/tools/bin/../lib/gcc/arm-none-eabi/10.3.1/../../../../arm-none-eabi/lib/thumb/v7e-m+dp/hard\libc_nano.a(lib_a-closer.o)
                0x0000000008008f18                _close_r
 .text.__sflush_r
                0x0000000008008f38      0x10c c:/program files/stmicroelectronics/stm32cube/stm32cubeide_1.11.2/stm32cubeide/plugins/com.st.stm32cube.ide.mcu.externaltools.gnu-tools-for-stm32.10.3-2021.10.win32_1.0.100.202210260954/tools/bin/../lib/gcc/arm-none-eabi/10.3.1/../../../../arm-none-eabi/lib/thumb/v7e-m+dp/hard\libc_nano.a(lib_a-fflush.o)
                0x0000000008008f38                __sflush_r
 .text._fflush_r
                0x0000000008009044       0x78 c:/program files/stmicroelectronics/stm32cube/stm32cubeide_1.11.2/stm32cubeide/plugins/com.st.stm32cube.ide.mcu.externaltools.gnu-tools-for-stm32.10.3-2021.10.win32_1.0.100.202210260954/tools/bin/../lib/gcc/arm-none-eabi/10.3.1/../../../../arm-none-eabi/lib/thumb/v7e-m+dp/hard\libc_nano.a(lib_a-fflush.o)
                0x0000000008009044                _fflush_r
 .text._lseek_r
                0x00000000080090bc       0x24 c:/program files/stmicroelectronics/stm32cube/stm32cubeide_1.11.2/stm32cubeide/plugins/com.st.stm32cube.ide.mcu.externaltools.gnu-tools-for-stm32.10.3-2021.10.win32_1.0.100.202210260954/tools/bin/../lib/gcc/arm-none-eabi/10.3.1/../../../../arm-none-eabi/lib/thumb/v7e-m+dp/hard\libc_nano.a(lib_a-lseekr.o)
                0x00000000080090bc                _lseek_r
 .text.__swhatbuf_r
                0x00000000080090e0       0x4a c:/program files/stmicroelectronics/stm32cube/stm32cubeide_1.11.2/stm32cubeide/plugins/com.st.stm32cube.ide.mcu.externaltools.gnu-tools-for-stm32.10.3-2021.10.win32_1.0.100.202210260954/tools/bin/../lib/gcc/arm-none-eabi/10.3.1/../../../../arm-none-eabi/lib/thumb/v7e-m+dp/hard\libc_nano.a(lib_a-makebuf.o)
                0x00000000080090e0                __swhatbuf_r
 *fill*         0x000000000800912a        0x2 
 .text.__smakebuf_r
                0x000000000800912c       0x80 c:/program files/stmicroelectronics/stm32cube/stm32cubeide_1.11.2/stm32cubeide/plugins/com.st.stm32cube.ide.mcu.externaltools.gnu-tools-for-stm32.10.3-2021.10.win32_1.0.100.202210260954/tools/bin/../lib/gcc/arm-none-eabi/10.3.1/../../../../arm-none-eabi/lib/thumb/v7e-m+dp/hard\libc_nano.a(lib_a-makebuf.o)
                0x000000000800912c                __smakebuf_r
 .text.__malloc_lock
                0x00000000080091ac        0xc c:/program files/stmicroelectronics/stm32cube/stm32cubeide_1.11.2/stm32cubeide/plugins/com.st.stm32cube.ide.mcu.externaltools.gnu-tools-for-stm32.10.3-2021.10.win32_1.0.100.202210260954/tools/bin/../lib/gcc/arm-none-eabi/10.3.1/../../../../arm-none-eabi/lib/thumb/v7e-m+dp/hard\libc_nano.a(lib_a-mlock.o)
                0x00000000080091ac                __malloc_lock
 .text.__malloc_unlock
                0x00000000080091b8        0xc c:/program files/stmicroelectronics/stm32cube/stm32cubeide_1.11.2/stm32cubeide/plugins/com.st.stm32cube.ide.mcu.externaltools.gnu-tools-for-stm32.10.3-2021.10.win32_1.0.100.202210260954/tools/bin/../lib/gcc/arm-none-eabi/10.3.1/../../../../arm-none-eabi/lib/thumb/v7e-m+dp/hard\libc_nano.a(lib_a-mlock.o)
                0x00000000080091b8                __malloc_unlock
 .text._free_r  0x00000000080091c4       0x98 c:/program files/stmicroelectronics/stm32cube/stm32cubeide_1.11.2/stm32cubeide/plugins/com.st.stm32cube.ide.mcu.externaltools.gnu-tools-for-stm32.10.3-2021.10.win32_1.0.100.202210260954/tools/bin/../lib/gcc/arm-none-eabi/10.3.1/../../../../arm-none-eabi/lib/thumb/v7e-m+dp/hard\libc_nano.a(lib_a-nano-freer.o)
                0x00000000080091c4                _free_r
 .text._read_r  0x000000000800925c       0x24 c:/program files/stmicroelectronics/stm32cube/stm32cubeide_1.11.2/stm32cubeide/plugins/com.st.stm32cube.ide.mcu.externaltools.gnu-tools-for-stm32.10.3-2021.10.win32_1.0.100.202210260954/tools/bin/../lib/gcc/arm-none-eabi/10.3.1/../../../../arm-none-eabi/lib/thumb/v7e-m+dp/hard\libc_nano.a(lib_a-readr.o)
                0x000000000800925c                _read_r
 .text._fstat_r
                0x0000000008009280       0x24 c:/program files/stmicroelectronics/stm32cube/stm32cubeide_1.11.2/stm32cubeide/plugins/com.st.stm32cube.ide.mcu.externaltools.gnu-tools-for-stm32.10.3-2021.10.win32_1.0.100.202210260954/tools/bin/../lib/gcc/arm-none-eabi/10.3.1/../../../../arm-none-eabi/lib/thumb/v7e-m+dp/hard\libc_nano.a(lib_a-fstatr.o)
                0x0000000008009280                _fstat_r
 .text._isatty_r
                0x00000000080092a4       0x20 c:/program files/stmicroelectronics/stm32cube/stm32cubeide_1.11.2/stm32cubeide/plugins/com.st.stm32cube.ide.mcu.externaltools.gnu-tools-for-stm32.10.3-2021.10.win32_1.0.100.202210260954/tools/bin/../lib/gcc/arm-none-eabi/10.3.1/../../../../arm-none-eabi/lib/thumb/v7e-m+dp/hard\libc_nano.a(lib_a-isattyr.o)
                0x00000000080092a4                _isatty_r
 *(.glue_7)
 .glue_7        0x00000000080092c4        0x0 linker stubs
 *(.glue_7t)
 .glue_7t       0x00000000080092c4        0x0 linker stubs
 *(.eh_frame)
 .eh_frame      0x00000000080092c4        0x0 c:/program files/stmicroelectronics/stm32cube/stm32cubeide_1.11.2/stm32cubeide/plugins/com.st.stm32cube.ide.mcu.externaltools.gnu-tools-for-stm32.10.3-2021.10.win32_1.0.100.202210260954/tools/bin/../lib/gcc/arm-none-eabi/10.3.1/thumb/v7e-m+dp/hard/crtbegin.o
 *(.init)
 .init          0x00000000080092c4        0x4 c:/program files/stmicroelectronics/stm32cube/stm32cubeide_1.11.2/stm32cubeide/plugins/com.st.stm32cube.ide.mcu.externaltools.gnu-tools-for-stm32.10.3-2021.10.win32_1.0.100.202210260954/tools/bin/../lib/gcc/arm-none-eabi/10.3.1/thumb/v7e-m+dp/hard/crti.o
                0x00000000080092c4                _init
 .init          0x00000000080092c8        0x8 c:/program files/stmicroelectronics/stm32cube/stm32cubeide_1.11.2/stm32cubeide/plugins/com.st.stm32cube.ide.mcu.externaltools.gnu-tools-for-stm32.10.3-2021.10.win32_1.0.100.202210260954/tools/bin/../lib/gcc/arm-none-eabi/10.3.1/thumb/v7e-m+dp/hard/crtn.o
 *(.fini)
 .fini          0x00000000080092d0        0x4 c:/program files/stmicroelectronics/stm32cube/stm32cubeide_1.11.2/stm32cubeide/plugins/com.st.stm32cube.ide.mcu.externaltools.gnu-tools-for-stm32.10.3-2021.10.win32_1.0.100.202210260954/tools/bin/../lib/gcc/arm-none-eabi/10.3.1/thumb/v7e-m+dp/hard/crti.o
                0x00000000080092d0                _fini
 .fini          0x00000000080092d4        0x8 c:/program files/stmicroelectronics/stm32cube/stm32cubeide_1.11.2/stm32cubeide/plugins/com.st.stm32cube.ide.mcu.externaltools.gnu-tools-for-stm32.10.3-2021.10.win32_1.0.100.202210260954/tools/bin/../lib/gcc/arm-none-eabi/10.3.1/thumb/v7e-m+dp/hard/crtn.o
                0x00000000080092dc                . = ALIGN (0x4)
                0x00000000080092dc                _etext = .

.vfp11_veneer   0x00000000080092dc        0x0
 .vfp11_veneer  0x00000000080092dc        0x0 linker stubs

.v4_bx          0x00000000080092dc        0x0
 .v4_bx         0x00000000080092dc        0x0 linker stubs

.iplt           0x00000000080092dc        0x0
 .iplt          0x00000000080092dc        0x0 c:/program files/stmicroelectronics/stm32cube/stm32cubeide_1.11.2/stm32cubeide/plugins/com.st.stm32cube.ide.mcu.externaltools.gnu-tools-for-stm32.10.3-2021.10.win32_1.0.100.202210260954/tools/bin/../lib/gcc/arm-none-eabi/10.3.1/thumb/v7e-m+dp/hard/crtbegin.o

.rodata         0x00000000080092dc      0x100
                0x00000000080092dc                . = ALIGN (0x4)
 *(.rodata)
 .rodata        0x00000000080092dc       0x1f ./Core/Src/main.o
 *(.rodata*)
 *fill*         0x00000000080092fb        0x1 
 .rodata.omega_n
                0x00000000080092fc       0x20 ./Core/Src/main.o
                0x00000000080092fc                omega_n
 .rodata.keypadLayout
                0x000000000800931c       0x10 ./Core/Src/main.o
                0x000000000800931c                keypadLayout
 .rodata.AHBPrescTable
                0x000000000800932c       0x10 ./Core/Src/system_stm32f7xx.o
                0x000000000800932c                AHBPrescTable
 .rodata.APBPrescTable
                0x000000000800933c        0x8 ./Core/Src/system_stm32f7xx.o
                0x000000000800933c                APBPrescTable
 .rodata._global_impure_ptr
                0x0000000008009344        0x4 c:/program files/stmicroelectronics/stm32cube/stm32cubeide_1.11.2/stm32cubeide/plugins/com.st.stm32cube.ide.mcu.externaltools.gnu-tools-for-stm32.10.3-2021.10.win32_1.0.100.202210260954/tools/bin/../lib/gcc/arm-none-eabi/10.3.1/../../../../arm-none-eabi/lib/thumb/v7e-m+dp/hard\libc_nano.a(lib_a-impure.o)
                0x0000000008009344                _global_impure_ptr
 .rodata.__sf_fake_stderr
                0x0000000008009348       0x20 c:/program files/stmicroelectronics/stm32cube/stm32cubeide_1.11.2/stm32cubeide/plugins/com.st.stm32cube.ide.mcu.externaltools.gnu-tools-for-stm32.10.3-2021.10.win32_1.0.100.202210260954/tools/bin/../lib/gcc/arm-none-eabi/10.3.1/../../../../arm-none-eabi/lib/thumb/v7e-m+dp/hard\libc_nano.a(lib_a-findfp.o)
                0x0000000008009348                __sf_fake_stderr
 .rodata.__sf_fake_stdin
                0x0000000008009368       0x20 c:/program files/stmicroelectronics/stm32cube/stm32cubeide_1.11.2/stm32cubeide/plugins/com.st.stm32cube.ide.mcu.externaltools.gnu-tools-for-stm32.10.3-2021.10.win32_1.0.100.202210260954/tools/bin/../lib/gcc/arm-none-eabi/10.3.1/../../../../arm-none-eabi/lib/thumb/v7e-m+dp/hard\libc_nano.a(lib_a-findfp.o)
                0x0000000008009368                __sf_fake_stdin
 .rodata.__sf_fake_stdout
                0x0000000008009388       0x20 c:/program files/stmicroelectronics/stm32cube/stm32cubeide_1.11.2/stm32cubeide/plugins/com.st.stm32cube.ide.mcu.externaltools.gnu-tools-for-stm32.10.3-2021.10.win32_1.0.100.202210260954/tools/bin/../lib/gcc/arm-none-eabi/10.3.1/../../../../arm-none-eabi/lib/thumb/v7e-m+dp/hard\libc_nano.a(lib_a-findfp.o)
                0x0000000008009388                __sf_fake_stdout
 .rodata._vfprintf_r.str1.1
                0x00000000080093a8       0x11 c:/program files/stmicroelectronics/stm32cube/stm32cubeide_1.11.2/stm32cubeide/plugins/com.st.stm32cube.ide.mcu.externaltools.gnu-tools-for-stm32.10.3-2021.10.win32_1.0.100.202210260954/tools/bin/../lib/gcc/arm-none-eabi/10.3.1/../../../../arm-none-eabi/lib/thumb/v7e-m+dp/hard\libc_nano.a(lib_a-nano-vfprintf.o)
 .rodata._printf_i.str1.1
                0x00000000080093b9       0x22 c:/program files/stmicroelectronics/stm32cube/stm32cubeide_1.11.2/stm32cubeide/plugins/com.st.stm32cube.ide.mcu.externaltools.gnu-tools-for-stm32.10.3-2021.10.win32_1.0.100.202210260954/tools/bin/../lib/gcc/arm-none-eabi/10.3.1/../../../../arm-none-eabi/lib/thumb/v7e-m+dp/hard\libc_nano.a(lib_a-nano-vfprintf_i.o)
                0x00000000080093dc                . = ALIGN (0x4)
 *fill*         0x00000000080093db        0x1 

.ARM.extab      0x00000000080093dc        0x0
                0x00000000080093dc                . = ALIGN (0x4)
 *(.ARM.extab* .gnu.linkonce.armextab.*)
                0x00000000080093dc                . = ALIGN (0x4)

.ARM            0x00000000080093dc        0x8
                0x00000000080093dc                . = ALIGN (0x4)
                0x00000000080093dc                __exidx_start = .
 *(.ARM.exidx*)
 .ARM.exidx     0x00000000080093dc        0x8 c:/program files/stmicroelectronics/stm32cube/stm32cubeide_1.11.2/stm32cubeide/plugins/com.st.stm32cube.ide.mcu.externaltools.gnu-tools-for-stm32.10.3-2021.10.win32_1.0.100.202210260954/tools/bin/../lib/gcc/arm-none-eabi/10.3.1/thumb/v7e-m+dp/hard\libgcc.a(_udivmoddi4.o)
                0x00000000080093e4                __exidx_end = .
                0x00000000080093e4                . = ALIGN (0x4)

.rel.dyn        0x00000000080093e4        0x0
 .rel.iplt      0x00000000080093e4        0x0 c:/program files/stmicroelectronics/stm32cube/stm32cubeide_1.11.2/stm32cubeide/plugins/com.st.stm32cube.ide.mcu.externaltools.gnu-tools-for-stm32.10.3-2021.10.win32_1.0.100.202210260954/tools/bin/../lib/gcc/arm-none-eabi/10.3.1/thumb/v7e-m+dp/hard/crtbegin.o

.preinit_array  0x00000000080093e4        0x0
                0x00000000080093e4                . = ALIGN (0x4)
                0x00000000080093e4                PROVIDE (__preinit_array_start = .)
 *(.preinit_array*)
                0x00000000080093e4                PROVIDE (__preinit_array_end = .)
                0x00000000080093e4                . = ALIGN (0x4)

.init_array     0x00000000080093e4        0x4
                0x00000000080093e4                . = ALIGN (0x4)
                0x00000000080093e4                PROVIDE (__init_array_start = .)
 *(SORT_BY_NAME(.init_array.*))
 *(.init_array*)
 .init_array    0x00000000080093e4        0x4 c:/program files/stmicroelectronics/stm32cube/stm32cubeide_1.11.2/stm32cubeide/plugins/com.st.stm32cube.ide.mcu.externaltools.gnu-tools-for-stm32.10.3-2021.10.win32_1.0.100.202210260954/tools/bin/../lib/gcc/arm-none-eabi/10.3.1/thumb/v7e-m+dp/hard/crtbegin.o
                0x00000000080093e8                PROVIDE (__init_array_end = .)
                0x00000000080093e8                . = ALIGN (0x4)

.fini_array     0x00000000080093e8        0x4
                0x00000000080093e8                . = ALIGN (0x4)
                [!provide]                        PROVIDE (__fini_array_start = .)
 *(SORT_BY_NAME(.fini_array.*))
 *(.fini_array*)
 .fini_array    0x00000000080093e8        0x4 c:/program files/stmicroelectronics/stm32cube/stm32cubeide_1.11.2/stm32cubeide/plugins/com.st.stm32cube.ide.mcu.externaltools.gnu-tools-for-stm32.10.3-2021.10.win32_1.0.100.202210260954/tools/bin/../lib/gcc/arm-none-eabi/10.3.1/thumb/v7e-m+dp/hard/crtbegin.o
                [!provide]                        PROVIDE (__fini_array_end = .)
                0x00000000080093ec                . = ALIGN (0x4)
                0x00000000080093ec                _sidata = LOADADDR (.data)

.data           0x0000000020000000       0x7c load address 0x00000000080093ec
                0x0000000020000000                . = ALIGN (0x4)
                0x0000000020000000                _sdata = .
 *(.data)
 *(.data*)
 .data.V_ref    0x0000000020000000        0x4 ./Core/Src/main.o
                0x0000000020000000                V_ref
 .data.VLIM     0x0000000020000004        0x4 ./Core/Src/main.o
                0x0000000020000004                VLIM
 .data.speed    0x0000000020000008        0x4 ./Core/Src/main.o
                0x0000000020000008                speed
 .data.SystemCoreClock
                0x000000002000000c        0x4 ./Core/Src/system_stm32f7xx.o
                0x000000002000000c                SystemCoreClock
 .data.uwTickPrio
                0x0000000020000010        0x4 ./Drivers/STM32F7xx_HAL_Driver/Src/stm32f7xx_hal.o
                0x0000000020000010                uwTickPrio
 .data.uwTickFreq
                0x0000000020000014        0x1 ./Drivers/STM32F7xx_HAL_Driver/Src/stm32f7xx_hal.o
                0x0000000020000014                uwTickFreq
 *fill*         0x0000000020000015        0x3 
 .data._impure_ptr
                0x0000000020000018        0x4 c:/program files/stmicroelectronics/stm32cube/stm32cubeide_1.11.2/stm32cubeide/plugins/com.st.stm32cube.ide.mcu.externaltools.gnu-tools-for-stm32.10.3-2021.10.win32_1.0.100.202210260954/tools/bin/../lib/gcc/arm-none-eabi/10.3.1/../../../../arm-none-eabi/lib/thumb/v7e-m+dp/hard\libc_nano.a(lib_a-impure.o)
                0x0000000020000018                _impure_ptr
 .data.impure_data
                0x000000002000001c       0x60 c:/program files/stmicroelectronics/stm32cube/stm32cubeide_1.11.2/stm32cubeide/plugins/com.st.stm32cube.ide.mcu.externaltools.gnu-tools-for-stm32.10.3-2021.10.win32_1.0.100.202210260954/tools/bin/../lib/gcc/arm-none-eabi/10.3.1/../../../../arm-none-eabi/lib/thumb/v7e-m+dp/hard\libc_nano.a(lib_a-impure.o)
 *(.RamFunc)
 *(.RamFunc*)
                0x000000002000007c                . = ALIGN (0x4)
                0x000000002000007c                _edata = .

.igot.plt       0x000000002000007c        0x0 load address 0x0000000008009468
 .igot.plt      0x000000002000007c        0x0 c:/program files/stmicroelectronics/stm32cube/stm32cubeide_1.11.2/stm32cubeide/plugins/com.st.stm32cube.ide.mcu.externaltools.gnu-tools-for-stm32.10.3-2021.10.win32_1.0.100.202210260954/tools/bin/../lib/gcc/arm-none-eabi/10.3.1/thumb/v7e-m+dp/hard/crtbegin.o
                0x000000002000007c                . = ALIGN (0x4)

.bss            0x000000002000007c      0x7b0 load address 0x0000000008009468
                0x000000002000007c                _sbss = .
                0x000000002000007c                __bss_start__ = _sbss
 *(.bss)
 .bss           0x000000002000007c       0x1c c:/program files/stmicroelectronics/stm32cube/stm32cubeide_1.11.2/stm32cubeide/plugins/com.st.stm32cube.ide.mcu.externaltools.gnu-tools-for-stm32.10.3-2021.10.win32_1.0.100.202210260954/tools/bin/../lib/gcc/arm-none-eabi/10.3.1/thumb/v7e-m+dp/hard/crtbegin.o
 *(.bss*)
 .bss.hadc1     0x0000000020000098       0x48 ./Core/Src/main.o
                0x0000000020000098                hadc1
 .bss.hi2c1     0x00000000200000e0       0x54 ./Core/Src/main.o
                0x00000000200000e0                hi2c1
 .bss.hi2c2     0x0000000020000134       0x54 ./Core/Src/main.o
                0x0000000020000134                hi2c2
 .bss.hspi1     0x0000000020000188       0x64 ./Core/Src/main.o
                0x0000000020000188                hspi1
 .bss.htim1     0x00000000200001ec       0x4c ./Core/Src/main.o
                0x00000000200001ec                htim1
 .bss.htim2     0x0000000020000238       0x4c ./Core/Src/main.o
                0x0000000020000238                htim2
 .bss.htim3     0x0000000020000284       0x4c ./Core/Src/main.o
                0x0000000020000284                htim3
 .bss.htim4     0x00000000200002d0       0x4c ./Core/Src/main.o
                0x00000000200002d0                htim4
 .bss.htim5     0x000000002000031c       0x4c ./Core/Src/main.o
                0x000000002000031c                htim5
 .bss.htim6     0x0000000020000368       0x4c ./Core/Src/main.o
                0x0000000020000368                htim6
 .bss.htim8     0x00000000200003b4       0x4c ./Core/Src/main.o
                0x00000000200003b4                htim8
 .bss.htim9     0x0000000020000400       0x4c ./Core/Src/main.o
                0x0000000020000400                htim9
 .bss.huart4    0x000000002000044c       0x88 ./Core/Src/main.o
                0x000000002000044c                huart4
 .bss.huart5    0x00000000200004d4       0x88 ./Core/Src/main.o
                0x00000000200004d4                huart5
 .bss.huart1    0x000000002000055c       0x88 ./Core/Src/main.o
                0x000000002000055c                huart1
 .bss.huart2    0x00000000200005e4       0x88 ./Core/Src/main.o
                0x00000000200005e4                huart2
 .bss.huart3    0x000000002000066c       0x88 ./Core/Src/main.o
                0x000000002000066c                huart3
 .bss.logger    0x00000000200006f4       0xcc ./Core/Src/main.o
                0x00000000200006f4                logger
 .bss.TIM3_CurrentCount
                0x00000000200007c0        0x4 ./Core/Src/main.o
                0x00000000200007c0                TIM3_CurrentCount
 .bss.TIM4_CurrentCount
                0x00000000200007c4        0x4 ./Core/Src/main.o
                0x00000000200007c4                TIM4_CurrentCount
 .bss.TIM3_DiffCount
                0x00000000200007c8        0x4 ./Core/Src/main.o
                0x00000000200007c8                TIM3_DiffCount
 .bss.TIM4_DiffCount
                0x00000000200007cc        0x4 ./Core/Src/main.o
                0x00000000200007cc                TIM4_DiffCount
 .bss.duty1     0x00000000200007d0        0x4 ./Core/Src/main.o
                0x00000000200007d0                duty1
 .bss.duty2     0x00000000200007d4        0x4 ./Core/Src/main.o
                0x00000000200007d4                duty2
 .bss.error1    0x00000000200007d8        0x4 ./Core/Src/main.o
                0x00000000200007d8                error1
 .bss.error2    0x00000000200007dc        0x4 ./Core/Src/main.o
                0x00000000200007dc                error2
 .bss.vIn1      0x00000000200007e0        0x4 ./Core/Src/main.o
                0x00000000200007e0                vIn1
 .bss.vIn2      0x00000000200007e4        0x4 ./Core/Src/main.o
                0x00000000200007e4                vIn2
 .bss.v1        0x00000000200007e8        0x4 ./Core/Src/main.o
                0x00000000200007e8                v1
 .bss.v2        0x00000000200007ec        0x4 ./Core/Src/main.o
                0x00000000200007ec                v2
 .bss.data      0x00000000200007f0       0x18 ./Core/Src/main.o
                0x00000000200007f0                data
 .bss.actual_keyboard_value
                0x0000000020000808        0x4 ./Core/Src/main.o
                0x0000000020000808                actual_keyboard_value
 .bss.TIM3_PreviousCount.1
                0x000000002000080c        0x4 ./Core/Src/main.o
 .bss.TIM4_PreviousCount.0
                0x0000000020000810        0x4 ./Core/Src/main.o
 .bss.__sbrk_heap_end
                0x0000000020000814        0x4 ./Core/Src/sysmem.o
 .bss.uwTick    0x0000000020000818        0x4 ./Drivers/STM32F7xx_HAL_Driver/Src/stm32f7xx_hal.o
                0x0000000020000818                uwTick
 .bss.__lock___malloc_recursive_mutex
                0x000000002000081c        0x1 c:/program files/stmicroelectronics/stm32cube/stm32cubeide_1.11.2/stm32cubeide/plugins/com.st.stm32cube.ide.mcu.externaltools.gnu-tools-for-stm32.10.3-2021.10.win32_1.0.100.202210260954/tools/bin/../lib/gcc/arm-none-eabi/10.3.1/../../../../arm-none-eabi/lib/thumb/v7e-m+dp/hard\libc_nano.a(lib_a-lock.o)
                0x000000002000081c                __lock___malloc_recursive_mutex
 .bss.__lock___sfp_recursive_mutex
                0x000000002000081d        0x1 c:/program files/stmicroelectronics/stm32cube/stm32cubeide_1.11.2/stm32cubeide/plugins/com.st.stm32cube.ide.mcu.externaltools.gnu-tools-for-stm32.10.3-2021.10.win32_1.0.100.202210260954/tools/bin/../lib/gcc/arm-none-eabi/10.3.1/../../../../arm-none-eabi/lib/thumb/v7e-m+dp/hard\libc_nano.a(lib_a-lock.o)
                0x000000002000081d                __lock___sfp_recursive_mutex
 .bss.__lock___sinit_recursive_mutex
                0x000000002000081e        0x1 c:/program files/stmicroelectronics/stm32cube/stm32cubeide_1.11.2/stm32cubeide/plugins/com.st.stm32cube.ide.mcu.externaltools.gnu-tools-for-stm32.10.3-2021.10.win32_1.0.100.202210260954/tools/bin/../lib/gcc/arm-none-eabi/10.3.1/../../../../arm-none-eabi/lib/thumb/v7e-m+dp/hard\libc_nano.a(lib_a-lock.o)
                0x000000002000081e                __lock___sinit_recursive_mutex
 *fill*         0x000000002000081f        0x1 
 .bss.__malloc_free_list
                0x0000000020000820        0x4 c:/program files/stmicroelectronics/stm32cube/stm32cubeide_1.11.2/stm32cubeide/plugins/com.st.stm32cube.ide.mcu.externaltools.gnu-tools-for-stm32.10.3-2021.10.win32_1.0.100.202210260954/tools/bin/../lib/gcc/arm-none-eabi/10.3.1/../../../../arm-none-eabi/lib/thumb/v7e-m+dp/hard\libc_nano.a(lib_a-nano-mallocr.o)
                0x0000000020000820                __malloc_free_list
 .bss.__malloc_sbrk_start
                0x0000000020000824        0x4 c:/program files/stmicroelectronics/stm32cube/stm32cubeide_1.11.2/stm32cubeide/plugins/com.st.stm32cube.ide.mcu.externaltools.gnu-tools-for-stm32.10.3-2021.10.win32_1.0.100.202210260954/tools/bin/../lib/gcc/arm-none-eabi/10.3.1/../../../../arm-none-eabi/lib/thumb/v7e-m+dp/hard\libc_nano.a(lib_a-nano-mallocr.o)
                0x0000000020000824                __malloc_sbrk_start
 .bss.errno     0x0000000020000828        0x4 c:/program files/stmicroelectronics/stm32cube/stm32cubeide_1.11.2/stm32cubeide/plugins/com.st.stm32cube.ide.mcu.externaltools.gnu-tools-for-stm32.10.3-2021.10.win32_1.0.100.202210260954/tools/bin/../lib/gcc/arm-none-eabi/10.3.1/../../../../arm-none-eabi/lib/thumb/v7e-m+dp/hard\libc_nano.a(lib_a-reent.o)
                0x0000000020000828                errno
 *(COMMON)
                0x000000002000082c                . = ALIGN (0x4)
                0x000000002000082c                _ebss = .
                0x000000002000082c                __bss_end__ = _ebss

._user_heap_stack
                0x000000002000082c      0x604 load address 0x0000000008009468
                0x0000000020000830                . = ALIGN (0x8)
 *fill*         0x000000002000082c        0x4 
                [!provide]                        PROVIDE (end = .)
                0x0000000020000830                PROVIDE (_end = .)
                0x0000000020000a30                . = (. + _Min_Heap_Size)
 *fill*         0x0000000020000830      0x200 
                0x0000000020000e30                . = (. + _Min_Stack_Size)
 *fill*         0x0000000020000a30      0x400 
                0x0000000020000e30                . = ALIGN (0x8)

/DISCARD/
 libc.a(*)
 libm.a(*)
 libgcc.a(*)

.ARM.attributes
                0x0000000000000000       0x2e
 *(.ARM.attributes)
 .ARM.attributes
                0x0000000000000000       0x1e c:/program files/stmicroelectronics/stm32cube/stm32cubeide_1.11.2/stm32cubeide/plugins/com.st.stm32cube.ide.mcu.externaltools.gnu-tools-for-stm32.10.3-2021.10.win32_1.0.100.202210260954/tools/bin/../lib/gcc/arm-none-eabi/10.3.1/thumb/v7e-m+dp/hard/crti.o
 .ARM.attributes
                0x000000000000001e       0x32 c:/program files/stmicroelectronics/stm32cube/stm32cubeide_1.11.2/stm32cubeide/plugins/com.st.stm32cube.ide.mcu.externaltools.gnu-tools-for-stm32.10.3-2021.10.win32_1.0.100.202210260954/tools/bin/../lib/gcc/arm-none-eabi/10.3.1/thumb/v7e-m+dp/hard/crtbegin.o
 .ARM.attributes
                0x0000000000000050       0x32 ./Core/Src/cobs.o
 .ARM.attributes
                0x0000000000000082       0x32 ./Core/Src/ertc-datalogger.o
 .ARM.attributes
                0x00000000000000b4       0x32 ./Core/Src/main.o
 .ARM.attributes
                0x00000000000000e6       0x32 ./Core/Src/stm32f7xx_hal_msp.o
 .ARM.attributes
                0x0000000000000118       0x32 ./Core/Src/stm32f7xx_it.o
 .ARM.attributes
                0x000000000000014a       0x32 ./Core/Src/syscalls.o
 .ARM.attributes
                0x000000000000017c       0x32 ./Core/Src/sysmem.o
 .ARM.attributes
                0x00000000000001ae       0x32 ./Core/Src/system_stm32f7xx.o
 .ARM.attributes
                0x00000000000001e0       0x21 ./Core/Startup/startup_stm32f767zitx.o
 .ARM.attributes
                0x0000000000000201       0x32 ./Drivers/STM32F7xx_HAL_Driver/Src/stm32f7xx_hal.o
 .ARM.attributes
                0x0000000000000233       0x32 ./Drivers/STM32F7xx_HAL_Driver/Src/stm32f7xx_hal_adc.o
 .ARM.attributes
                0x0000000000000265       0x32 ./Drivers/STM32F7xx_HAL_Driver/Src/stm32f7xx_hal_cortex.o
 .ARM.attributes
                0x0000000000000297       0x32 ./Drivers/STM32F7xx_HAL_Driver/Src/stm32f7xx_hal_gpio.o
 .ARM.attributes
                0x00000000000002c9       0x32 ./Drivers/STM32F7xx_HAL_Driver/Src/stm32f7xx_hal_i2c.o
 .ARM.attributes
                0x00000000000002fb       0x32 ./Drivers/STM32F7xx_HAL_Driver/Src/stm32f7xx_hal_i2c_ex.o
 .ARM.attributes
                0x000000000000032d       0x32 ./Drivers/STM32F7xx_HAL_Driver/Src/stm32f7xx_hal_pwr.o
 .ARM.attributes
                0x000000000000035f       0x32 ./Drivers/STM32F7xx_HAL_Driver/Src/stm32f7xx_hal_pwr_ex.o
 .ARM.attributes
                0x0000000000000391       0x32 ./Drivers/STM32F7xx_HAL_Driver/Src/stm32f7xx_hal_rcc.o
 .ARM.attributes
                0x00000000000003c3       0x32 ./Drivers/STM32F7xx_HAL_Driver/Src/stm32f7xx_hal_rcc_ex.o
 .ARM.attributes
                0x00000000000003f5       0x32 ./Drivers/STM32F7xx_HAL_Driver/Src/stm32f7xx_hal_spi.o
 .ARM.attributes
                0x0000000000000427       0x32 ./Drivers/STM32F7xx_HAL_Driver/Src/stm32f7xx_hal_tim.o
 .ARM.attributes
                0x0000000000000459       0x32 ./Drivers/STM32F7xx_HAL_Driver/Src/stm32f7xx_hal_tim_ex.o
 .ARM.attributes
                0x000000000000048b       0x32 ./Drivers/STM32F7xx_HAL_Driver/Src/stm32f7xx_hal_uart.o
 .ARM.attributes
                0x00000000000004bd       0x32 c:/program files/stmicroelectronics/stm32cube/stm32cubeide_1.11.2/stm32cubeide/plugins/com.st.stm32cube.ide.mcu.externaltools.gnu-tools-for-stm32.10.3-2021.10.win32_1.0.100.202210260954/tools/bin/../lib/gcc/arm-none-eabi/10.3.1/../../../../arm-none-eabi/lib/thumb/v7e-m+dp/hard\libc_nano.a(lib_a-errno.o)
 .ARM.attributes
                0x00000000000004ef       0x32 c:/program files/stmicroelectronics/stm32cube/stm32cubeide_1.11.2/stm32cubeide/plugins/com.st.stm32cube.ide.mcu.externaltools.gnu-tools-for-stm32.10.3-2021.10.win32_1.0.100.202210260954/tools/bin/../lib/gcc/arm-none-eabi/10.3.1/../../../../arm-none-eabi/lib/thumb/v7e-m+dp/hard\libc_nano.a(lib_a-impure.o)
 .ARM.attributes
                0x0000000000000521       0x32 c:/program files/stmicroelectronics/stm32cube/stm32cubeide_1.11.2/stm32cubeide/plugins/com.st.stm32cube.ide.mcu.externaltools.gnu-tools-for-stm32.10.3-2021.10.win32_1.0.100.202210260954/tools/bin/../lib/gcc/arm-none-eabi/10.3.1/../../../../arm-none-eabi/lib/thumb/v7e-m+dp/hard\libc_nano.a(lib_a-init.o)
 .ARM.attributes
                0x0000000000000553       0x32 c:/program files/stmicroelectronics/stm32cube/stm32cubeide_1.11.2/stm32cubeide/plugins/com.st.stm32cube.ide.mcu.externaltools.gnu-tools-for-stm32.10.3-2021.10.win32_1.0.100.202210260954/tools/bin/../lib/gcc/arm-none-eabi/10.3.1/../../../../arm-none-eabi/lib/thumb/v7e-m+dp/hard\libc_nano.a(lib_a-memcpy-stub.o)
 .ARM.attributes
                0x0000000000000585       0x32 c:/program files/stmicroelectronics/stm32cube/stm32cubeide_1.11.2/stm32cubeide/plugins/com.st.stm32cube.ide.mcu.externaltools.gnu-tools-for-stm32.10.3-2021.10.win32_1.0.100.202210260954/tools/bin/../lib/gcc/arm-none-eabi/10.3.1/../../../../arm-none-eabi/lib/thumb/v7e-m+dp/hard\libc_nano.a(lib_a-memset.o)
 .ARM.attributes
                0x00000000000005b7       0x32 c:/program files/stmicroelectronics/stm32cube/stm32cubeide_1.11.2/stm32cubeide/plugins/com.st.stm32cube.ide.mcu.externaltools.gnu-tools-for-stm32.10.3-2021.10.win32_1.0.100.202210260954/tools/bin/../lib/gcc/arm-none-eabi/10.3.1/../../../../arm-none-eabi/lib/thumb/v7e-m+dp/hard\libc_nano.a(lib_a-printf.o)
 .ARM.attributes
                0x00000000000005e9       0x32 c:/program files/stmicroelectronics/stm32cube/stm32cubeide_1.11.2/stm32cubeide/plugins/com.st.stm32cube.ide.mcu.externaltools.gnu-tools-for-stm32.10.3-2021.10.win32_1.0.100.202210260954/tools/bin/../lib/gcc/arm-none-eabi/10.3.1/../../../../arm-none-eabi/lib/thumb/v7e-m+dp/hard\libc_nano.a(lib_a-findfp.o)
 .ARM.attributes
                0x000000000000061b       0x32 c:/program files/stmicroelectronics/stm32cube/stm32cubeide_1.11.2/stm32cubeide/plugins/com.st.stm32cube.ide.mcu.externaltools.gnu-tools-for-stm32.10.3-2021.10.win32_1.0.100.202210260954/tools/bin/../lib/gcc/arm-none-eabi/10.3.1/../../../../arm-none-eabi/lib/thumb/v7e-m+dp/hard\libc_nano.a(lib_a-fwalk.o)
 .ARM.attributes
                0x000000000000064d       0x32 c:/program files/stmicroelectronics/stm32cube/stm32cubeide_1.11.2/stm32cubeide/plugins/com.st.stm32cube.ide.mcu.externaltools.gnu-tools-for-stm32.10.3-2021.10.win32_1.0.100.202210260954/tools/bin/../lib/gcc/arm-none-eabi/10.3.1/../../../../arm-none-eabi/lib/thumb/v7e-m+dp/hard\libc_nano.a(lib_a-lock.o)
 .ARM.attributes
                0x000000000000067f       0x32 c:/program files/stmicroelectronics/stm32cube/stm32cubeide_1.11.2/stm32cubeide/plugins/com.st.stm32cube.ide.mcu.externaltools.gnu-tools-for-stm32.10.3-2021.10.win32_1.0.100.202210260954/tools/bin/../lib/gcc/arm-none-eabi/10.3.1/../../../../arm-none-eabi/lib/thumb/v7e-m+dp/hard\libc_nano.a(lib_a-nano-mallocr.o)
 .ARM.attributes
                0x00000000000006b1       0x32 c:/program files/stmicroelectronics/stm32cube/stm32cubeide_1.11.2/stm32cubeide/plugins/com.st.stm32cube.ide.mcu.externaltools.gnu-tools-for-stm32.10.3-2021.10.win32_1.0.100.202210260954/tools/bin/../lib/gcc/arm-none-eabi/10.3.1/../../../../arm-none-eabi/lib/thumb/v7e-m+dp/hard\libc_nano.a(lib_a-nano-vfprintf.o)
 .ARM.attributes
                0x00000000000006e3       0x32 c:/program files/stmicroelectronics/stm32cube/stm32cubeide_1.11.2/stm32cubeide/plugins/com.st.stm32cube.ide.mcu.externaltools.gnu-tools-for-stm32.10.3-2021.10.win32_1.0.100.202210260954/tools/bin/../lib/gcc/arm-none-eabi/10.3.1/../../../../arm-none-eabi/lib/thumb/v7e-m+dp/hard\libc_nano.a(lib_a-nano-vfprintf_i.o)
 .ARM.attributes
                0x0000000000000715       0x32 c:/program files/stmicroelectronics/stm32cube/stm32cubeide_1.11.2/stm32cubeide/plugins/com.st.stm32cube.ide.mcu.externaltools.gnu-tools-for-stm32.10.3-2021.10.win32_1.0.100.202210260954/tools/bin/../lib/gcc/arm-none-eabi/10.3.1/../../../../arm-none-eabi/lib/thumb/v7e-m+dp/hard\libc_nano.a(lib_a-sbrkr.o)
 .ARM.attributes
                0x0000000000000747       0x32 c:/program files/stmicroelectronics/stm32cube/stm32cubeide_1.11.2/stm32cubeide/plugins/com.st.stm32cube.ide.mcu.externaltools.gnu-tools-for-stm32.10.3-2021.10.win32_1.0.100.202210260954/tools/bin/../lib/gcc/arm-none-eabi/10.3.1/../../../../arm-none-eabi/lib/thumb/v7e-m+dp/hard\libc_nano.a(lib_a-stdio.o)
 .ARM.attributes
                0x0000000000000779       0x32 c:/program files/stmicroelectronics/stm32cube/stm32cubeide_1.11.2/stm32cubeide/plugins/com.st.stm32cube.ide.mcu.externaltools.gnu-tools-for-stm32.10.3-2021.10.win32_1.0.100.202210260954/tools/bin/../lib/gcc/arm-none-eabi/10.3.1/../../../../arm-none-eabi/lib/thumb/v7e-m+dp/hard\libc_nano.a(lib_a-wbuf.o)
 .ARM.attributes
                0x00000000000007ab       0x32 c:/program files/stmicroelectronics/stm32cube/stm32cubeide_1.11.2/stm32cubeide/plugins/com.st.stm32cube.ide.mcu.externaltools.gnu-tools-for-stm32.10.3-2021.10.win32_1.0.100.202210260954/tools/bin/../lib/gcc/arm-none-eabi/10.3.1/../../../../arm-none-eabi/lib/thumb/v7e-m+dp/hard\libc_nano.a(lib_a-writer.o)
 .ARM.attributes
                0x00000000000007dd       0x32 c:/program files/stmicroelectronics/stm32cube/stm32cubeide_1.11.2/stm32cubeide/plugins/com.st.stm32cube.ide.mcu.externaltools.gnu-tools-for-stm32.10.3-2021.10.win32_1.0.100.202210260954/tools/bin/../lib/gcc/arm-none-eabi/10.3.1/../../../../arm-none-eabi/lib/thumb/v7e-m+dp/hard\libc_nano.a(lib_a-wsetup.o)
 .ARM.attributes
                0x000000000000080f       0x32 c:/program files/stmicroelectronics/stm32cube/stm32cubeide_1.11.2/stm32cubeide/plugins/com.st.stm32cube.ide.mcu.externaltools.gnu-tools-for-stm32.10.3-2021.10.win32_1.0.100.202210260954/tools/bin/../lib/gcc/arm-none-eabi/10.3.1/../../../../arm-none-eabi/lib/thumb/v7e-m+dp/hard\libc_nano.a(lib_a-closer.o)
 .ARM.attributes
                0x0000000000000841       0x32 c:/program files/stmicroelectronics/stm32cube/stm32cubeide_1.11.2/stm32cubeide/plugins/com.st.stm32cube.ide.mcu.externaltools.gnu-tools-for-stm32.10.3-2021.10.win32_1.0.100.202210260954/tools/bin/../lib/gcc/arm-none-eabi/10.3.1/../../../../arm-none-eabi/lib/thumb/v7e-m+dp/hard\libc_nano.a(lib_a-fflush.o)
 .ARM.attributes
                0x0000000000000873       0x32 c:/program files/stmicroelectronics/stm32cube/stm32cubeide_1.11.2/stm32cubeide/plugins/com.st.stm32cube.ide.mcu.externaltools.gnu-tools-for-stm32.10.3-2021.10.win32_1.0.100.202210260954/tools/bin/../lib/gcc/arm-none-eabi/10.3.1/../../../../arm-none-eabi/lib/thumb/v7e-m+dp/hard\libc_nano.a(lib_a-lseekr.o)
 .ARM.attributes
                0x00000000000008a5       0x32 c:/program files/stmicroelectronics/stm32cube/stm32cubeide_1.11.2/stm32cubeide/plugins/com.st.stm32cube.ide.mcu.externaltools.gnu-tools-for-stm32.10.3-2021.10.win32_1.0.100.202210260954/tools/bin/../lib/gcc/arm-none-eabi/10.3.1/../../../../arm-none-eabi/lib/thumb/v7e-m+dp/hard\libc_nano.a(lib_a-makebuf.o)
 .ARM.attributes
                0x00000000000008d7       0x1c c:/program files/stmicroelectronics/stm32cube/stm32cubeide_1.11.2/stm32cubeide/plugins/com.st.stm32cube.ide.mcu.externaltools.gnu-tools-for-stm32.10.3-2021.10.win32_1.0.100.202210260954/tools/bin/../lib/gcc/arm-none-eabi/10.3.1/../../../../arm-none-eabi/lib/thumb/v7e-m+dp/hard\libc_nano.a(lib_a-memchr.o)
 .ARM.attributes
                0x00000000000008f3       0x32 c:/program files/stmicroelectronics/stm32cube/stm32cubeide_1.11.2/stm32cubeide/plugins/com.st.stm32cube.ide.mcu.externaltools.gnu-tools-for-stm32.10.3-2021.10.win32_1.0.100.202210260954/tools/bin/../lib/gcc/arm-none-eabi/10.3.1/../../../../arm-none-eabi/lib/thumb/v7e-m+dp/hard\libc_nano.a(lib_a-mlock.o)
 .ARM.attributes
                0x0000000000000925       0x32 c:/program files/stmicroelectronics/stm32cube/stm32cubeide_1.11.2/stm32cubeide/plugins/com.st.stm32cube.ide.mcu.externaltools.gnu-tools-for-stm32.10.3-2021.10.win32_1.0.100.202210260954/tools/bin/../lib/gcc/arm-none-eabi/10.3.1/../../../../arm-none-eabi/lib/thumb/v7e-m+dp/hard\libc_nano.a(lib_a-nano-freer.o)
 .ARM.attributes