../Core/Src/main.c:106:6:HAL_GPIO_EXTI_Callback	40	static
../Core/Src/main.c:151:5:main	32	static
../Core/Src/main.c:345:6:SystemClock_Config	88	static
../Core/Src/main.c:403:13:MX_ADC1_Init	24	static
../Core/Src/main.c:455:13:MX_I2C1_Init	8	static
../Core/Src/main.c:503:13:MX_I2C2_Init	8	static
../Core/Src/main.c:551:13:MX_SPI1_Init	8	static
../Core/Src/main.c:591:13:MX_TIM1_Init	112	static
../Core/Src/main.c:683:13:MX_TIM2_Init	80	static
../Core/Src/main.c:755:13:MX_TIM3_Init	56	static
../Core/Src/main.c:804:13:MX_TIM4_Init	56	static
../Core/Src/main.c:853:13:MX_TIM5_Init	64	static
../Core/Src/main.c:912:13:MX_TIM8_Init	112	static
../Core/Src/main.c:1004:13:MX_TIM9_Init	40	static
../Core/Src/main.c:1050:13:MX_UART4_Init	8	static
../Core/Src/main.c:1085:13:MX_UART5_Init	8	static
../Core/Src/main.c:1120:13:MX_USART1_UART_Init	8	static
../Core/Src/main.c:1155:13:MX_USART2_UART_Init	8	static
../Core/Src/main.c:1190:13:MX_USART3_UART_Init	8	static
../Core/Src/main.c:1225:13:MX_GPIO_Init	64	static
../Core/Src/main.c:1349:6:Error_Handler	4	static,ignoring_inline_asm
