../Core/Src/main.c:168:7:saturate	16	static
../Core/Src/main.c:177:7:saturate1	16	static
../Core/Src/main.c:187:7:PID1	16	static
../Core/Src/main.c:196:7:PID2	16	static
../Core/Src/main.c:205:7:compute_error	32	static
../Core/Src/main.c:221:7:Simple_Linear_Ctrl	24	static
../Core/Src/main.c:232:7:computeRpm	32	static
../Core/Src/main.c:246:9:countBit	24	static
../Core/Src/main.c:255:6:HAL_GPIO_EXTI_Callback	48	static
../Core/Src/main.c:281:6:HAL_TIM_PeriodElapsedCallback	88	static
../Core/Src/main.c:476:5:main	32	static
../Core/Src/main.c:704:6:SystemClock_Config	88	static
../Core/Src/main.c:762:13:MX_ADC1_Init	24	static
../Core/Src/main.c:814:13:MX_I2C1_Init	8	static
../Core/Src/main.c:862:13:MX_I2C2_Init	8	static
../Core/Src/main.c:910:13:MX_SPI1_Init	8	static
../Core/Src/main.c:950:13:MX_TIM1_Init	112	static
../Core/Src/main.c:1042:13:MX_TIM2_Init	80	static
../Core/Src/main.c:1114:13:MX_TIM3_Init	56	static
../Core/Src/main.c:1163:13:MX_TIM4_Init	56	static
../Core/Src/main.c:1212:13:MX_TIM5_Init	64	static
../Core/Src/main.c:1271:13:MX_TIM6_Init	24	static
../Core/Src/main.c:1309:13:MX_TIM8_Init	112	static
../Core/Src/main.c:1401:13:MX_TIM9_Init	40	static
../Core/Src/main.c:1447:13:MX_UART4_Init	8	static
../Core/Src/main.c:1482:13:MX_UART5_Init	8	static
../Core/Src/main.c:1517:13:MX_USART1_UART_Init	8	static
../Core/Src/main.c:1552:13:MX_USART2_UART_Init	8	static
../Core/Src/main.c:1587:13:MX_USART3_UART_Init	8	static
../Core/Src/main.c:1622:13:MX_GPIO_Init	64	static
../Core/Src/main.c:1746:6:Error_Handler	4	static,ignoring_inline_asm
