../Core/Src/main.c:135:9:countBit	24	static
../Core/Src/main.c:144:6:HAL_GPIO_EXTI_Callback	48	static
../Core/Src/main.c:196:5:main	32	static
../Core/Src/main.c:428:6:SystemClock_Config	88	static
../Core/Src/main.c:486:13:MX_ADC1_Init	24	static
../Core/Src/main.c:538:13:MX_I2C1_Init	8	static
../Core/Src/main.c:586:13:MX_I2C2_Init	8	static
../Core/Src/main.c:634:13:MX_SPI1_Init	8	static
../Core/Src/main.c:674:13:MX_TIM1_Init	112	static
../Core/Src/main.c:766:13:MX_TIM2_Init	80	static
../Core/Src/main.c:838:13:MX_TIM3_Init	56	static
../Core/Src/main.c:887:13:MX_TIM4_Init	56	static
../Core/Src/main.c:936:13:MX_TIM5_Init	64	static
../Core/Src/main.c:995:13:MX_TIM8_Init	112	static
../Core/Src/main.c:1087:13:MX_UART4_Init	8	static
../Core/Src/main.c:1122:13:MX_UART5_Init	8	static
../Core/Src/main.c:1157:13:MX_USART1_UART_Init	8	static
../Core/Src/main.c:1192:13:MX_USART2_UART_Init	8	static
../Core/Src/main.c:1227:13:MX_USART3_UART_Init	8	static
../Core/Src/main.c:1262:13:MX_GPIO_Init	64	static
../Core/Src/main.c:1389:6:StatLineSensorTask	40	static
../Core/Src/main.c:1412:6:StartLed1task	16	static
../Core/Src/main.c:1432:6:StartLed2task	16	static
../Core/Src/main.c:1452:6:HAL_TIM_PeriodElapsedCallback	16	static
../Core/Src/main.c:1469:6:Error_Handler	4	static,ignoring_inline_asm
