../Core/Src/main.c:140:9:countBit	24	static
../Core/Src/main.c:149:6:HAL_GPIO_EXTI_Callback	48	static
../Core/Src/main.c:201:5:main	32	static
../Core/Src/main.c:437:6:SystemClock_Config	88	static
../Core/Src/main.c:495:13:MX_ADC1_Init	24	static
../Core/Src/main.c:547:13:MX_I2C1_Init	8	static
../Core/Src/main.c:595:13:MX_I2C2_Init	8	static
../Core/Src/main.c:643:13:MX_SPI1_Init	8	static
../Core/Src/main.c:683:13:MX_TIM1_Init	112	static
../Core/Src/main.c:775:13:MX_TIM2_Init	80	static
../Core/Src/main.c:847:13:MX_TIM3_Init	56	static
../Core/Src/main.c:896:13:MX_TIM4_Init	56	static
../Core/Src/main.c:945:13:MX_TIM5_Init	64	static
../Core/Src/main.c:1004:13:MX_TIM8_Init	112	static
../Core/Src/main.c:1096:13:MX_UART4_Init	8	static
../Core/Src/main.c:1131:13:MX_UART5_Init	8	static
../Core/Src/main.c:1166:13:MX_USART1_UART_Init	8	static
../Core/Src/main.c:1201:13:MX_USART2_UART_Init	8	static
../Core/Src/main.c:1236:13:MX_USART3_UART_Init	8	static
../Core/Src/main.c:1271:13:MX_GPIO_Init	64	static
../Core/Src/main.c:1398:6:StatLineSensorTask	40	static
../Core/Src/main.c:1422:6:StartLed1task	16	static
../Core/Src/main.c:1443:6:StartLed2task	16	static
../Core/Src/main.c:1463:6:HAL_TIM_PeriodElapsedCallback	16	static
../Core/Src/main.c:1480:6:Error_Handler	4	static,ignoring_inline_asm
