../Core/Src/main.c:154:7:saturate	16	static
../Core/Src/main.c:166:7:PIDAW1	16	static
../Core/Src/main.c:179:7:PIDAW2	16	static
../Core/Src/main.c:192:7:PID1	16	static
../Core/Src/main.c:201:7:PID2	16	static
../Core/Src/main.c:210:7:computeRpm	32	static
../Core/Src/main.c:225:9:countBit	24	static
../Core/Src/main.c:234:6:HAL_GPIO_EXTI_Callback	48	static
../Core/Src/main.c:260:6:HAL_TIM_PeriodElapsedCallback	24	static
../Core/Src/main.c:395:5:main	32	static
../Core/Src/main.c:623:6:SystemClock_Config	88	static
../Core/Src/main.c:681:13:MX_ADC1_Init	24	static
../Core/Src/main.c:733:13:MX_I2C1_Init	8	static
../Core/Src/main.c:781:13:MX_I2C2_Init	8	static
../Core/Src/main.c:829:13:MX_SPI1_Init	8	static
../Core/Src/main.c:869:13:MX_TIM1_Init	112	static
../Core/Src/main.c:961:13:MX_TIM2_Init	80	static
../Core/Src/main.c:1033:13:MX_TIM3_Init	56	static
../Core/Src/main.c:1082:13:MX_TIM4_Init	56	static
../Core/Src/main.c:1131:13:MX_TIM5_Init	64	static
../Core/Src/main.c:1190:13:MX_TIM6_Init	24	static
../Core/Src/main.c:1228:13:MX_TIM8_Init	112	static
../Core/Src/main.c:1320:13:MX_TIM9_Init	40	static
../Core/Src/main.c:1366:13:MX_UART4_Init	8	static
../Core/Src/main.c:1401:13:MX_UART5_Init	8	static
../Core/Src/main.c:1436:13:MX_USART1_UART_Init	8	static
../Core/Src/main.c:1471:13:MX_USART2_UART_Init	8	static
../Core/Src/main.c:1506:13:MX_USART3_UART_Init	8	static
../Core/Src/main.c:1541:13:MX_GPIO_Init	64	static
../Core/Src/main.c:1665:6:Error_Handler	4	static,ignoring_inline_asm
